 EDisk

 Timestamp is 50c156f2 (Fri Dec 07 10:39:46 2012)

 Preferred load address is 00010000

 Start         Length     Name                   Class
 0001:00000000 000d33a0H .text                   CODE
 0001:000d33a0 00001844H .text$yc                CODE
 0001:000d4be4 00000b18H .text$yd                CODE
 0002:00000000 00000004H .CRT$XCA                DATA
 0002:00000004 00000018H .CRT$XCC                DATA
 0002:0000001c 000000a4H .CRT$XCL                DATA
 0002:000000c0 0000003cH .CRT$XCU                DATA
 0002:000000fc 00000004H .CRT$XCZ                DATA
 0002:00000100 00000004H .CRT$XIA                DATA
 0002:00000104 00000004H .CRT$XIZ                DATA
 0002:00000108 00000004H .CRT$XPA                DATA
 0002:0000010c 00000004H .CRT$XPZ                DATA
 0002:00000110 00000004H .CRT$XTA                DATA
 0002:00000114 00000004H .CRT$XTZ                DATA
 0002:00000120 000a4282H .rdata                  DATA
 0002:000a43a4 00000057H .rdata$debug            DATA
 0002:000a43fc 0000224cH .rdata$r                DATA
 0002:000a6648 00000144H .xdata                  DATA
 0002:000a678c 000002f8H .xdata$x                DATA
 0002:000a6a84 00000004H ATL$__a                 DATA
 0002:000a6a88 00000004H ATL$__z                 DATA
 0002:000a6a8c 00000050H .idata$2                DATA
 0002:000a6adc 00000014H .idata$3                DATA
 0002:000a6af0 0000079cH .idata$4                DATA
 0002:000a728c 000003f4H .idata$6                DATA
 0002:000a7680 00000000H .edata                  DATA
 0003:00000000 0000079cH .idata$5                DATA
 0003:000007a0 00001610H .data                   DATA
 0003:00001db0 00002798H .bss                    DATA
 0004:00000000 00009d68H .pdata                  DATA
 0005:00000000 000008bcH .rsrc$01                DATA
 0005:000008c0 0001920cH .rsrc$02                DATA

  Address         Publics by Value              Rva+Base       Lib:Object

 0000:00000000       ___safe_se_handler_count   00000000     <absolute>
 0000:00000000       ___safe_se_handler_table   00000000     <absolute>
 0001:00000000       ??0CEDiskInterface@@QAA@XZ 00011000 f   disk.obj
 0001:00000054       ??1CEDiskInterface@@UAA@XZ 00011054 f   disk.obj
 0001:00000074       ?GetDiskInfo@CEDiskInterface@@QAAHPAU_DISK_INFO@@@Z 00011074 f   disk.obj
 0001:000000e0       ?WriteSectors@CEDiskInterface@@QAAHKPAEK@Z 000110e0 f   disk.obj
 0001:00000210       ?ReadSectors@CEDiskInterface@@QAAHKPAEK@Z 00011210 f   disk.obj
 0001:00000378       ?WriteCluster@CEDiskInterface@@QAAHKPAE@Z 00011378 f   disk.obj
 0001:00000420       ?ReadCluster@CEDiskInterface@@QAAHKPAE@Z 00011420 f   disk.obj
 0001:000004c8       ??_GCEDiskInterface@@UAAPAXI@Z 000114c8 f i disk.obj
 0001:000004c8       ??_ECEDiskInterface@@UAAPAXI@Z 000114c8 f i disk.obj
 0001:00000508       ??0CTraceFileAndLineInfo@ATL@@QAA@PBDH@Z 00011508 f i disk.obj
 0001:00000548       ??RCTraceFileAndLineInfo@ATL@@QBAXPB_WZZ 00011548 f i disk.obj
 0001:000005c0       ?TraceV@CTrace@ATL@@QBAXPBDHKIPB_WPAD@Z 000115c0 f i disk.obj
 0001:0000060c       ??BCTraceCategory@ATL@@QBAKXZ 0001160c f i disk.obj
 0001:00000634       ?GetMessageMap@CEDiskApp@@MBAPBUAFX_MSGMAP@@XZ 00011634 f   EDisk.obj
 0001:00000660       ?GetThisMessageMap@CEDiskApp@@KAPBUAFX_MSGMAP@@XZ 00011660 f   EDisk.obj
 0001:0000067c       ??0CEDiskApp@@QAA@XZ       0001167c f   EDisk.obj
 0001:000006c8       ?InitInstance@CEDiskApp@@UAAHXZ 000116c8 f   EDisk.obj
 0001:00000784       ??_GCEDiskApp@@UAAPAXI@Z   00011784 f i EDisk.obj
 0001:00000784       ??_ECEDiskApp@@UAAPAXI@Z   00011784 f i EDisk.obj
 0001:000007c4       ??1CEDiskApp@@UAA@XZ       000117c4 f i EDisk.obj
 0001:000007e4       ??1CEDiskDlg@@UAA@XZ       000117e4 f i EDisk.obj
 0001:00000858       ??0CEDiskDlg@@QAA@PB_WPAVCWnd@@@Z 00011858 f   EDiskDlg.obj
 0001:00000960       ?DoDataExchange@CEDiskDlg@@MAAXPAVCDataExchange@@@Z 00011960 f   EDiskDlg.obj
 0001:0000097c       ?GetMessageMap@CEDiskDlg@@MBAPBUAFX_MSGMAP@@XZ 0001197c f   EDiskDlg.obj
 0001:000009a8       ?GetThisMessageMap@CEDiskDlg@@KAPBUAFX_MSGMAP@@XZ 000119a8 f   EDiskDlg.obj
 0001:000009c4       ?OnInitDialog@CEDiskDlg@@MAAHXZ 000119c4 f   EDiskDlg.obj
 0001:00000a20       ??_GCEDiskDlg@@UAAPAXI@Z   00011a20 f i EDiskDlg.obj
 0001:00000a20       ??_ECEDiskDlg@@UAAPAXI@Z   00011a20 f i EDiskDlg.obj
 0001:00000a60       ?GetRuntimeClass@CEFat@@UBAPAUCRuntimeClass@@XZ 00011a60 f   EFat.obj
 0001:00000a90       ??0CEFat@@QAA@XZ           00011a90 f   EFat.obj
 0001:00000e2c       ??1CEFat@@UAA@XZ           00011e2c f   EFat.obj
 0001:00001040       ?DoDataExchange@CEFat@@MAAXPAVCDataExchange@@@Z 00012040 f   EFat.obj
 0001:00001178       ?GetMessageMap@CEFat@@MBAPBUAFX_MSGMAP@@XZ 00012178 f   EFat.obj
 0001:000011a4       ?GetThisMessageMap@CEFat@@KAPBUAFX_MSGMAP@@XZ 000121a4 f   EFat.obj
 0001:000011c0       ?InitFatParameters@CEFat@@IAAXXZ 000121c0 f   EFat.obj
 0001:0000123c       ?EnumPartIndex@CEFat@@IAAHPB_W@Z 0001223c f   EFat.obj
 0001:000013f8       ?EnumDiskIndex@CEFat@@IAAHXZ 000123f8 f   EFat.obj
 0001:00001504       ?RefreshFatInfo@CEFat@@IAAHPAE@Z 00012504 f   EFat.obj
 0001:0000190c       ?PrintSectorData@CEFat@@IAAXPAEK@Z 0001290c f   EFat.obj
 0001:00001b24       ?UpdateDiskInfo@CEFat@@IAAHU_DISK_INFO@@UtagPARTINFO@@@Z 00012b24 f   EFat.obj
 0001:00001e14       ?ReadMBR@CEFat@@IAAHPB_W@Z 00012e14 f   EFat.obj
 0001:00002010       ?ReadPart@CEFat@@IAAHPB_W0@Z 00013010 f   EFat.obj
 0001:00002470       ?OnInitDialog@CEFat@@UAAHXZ 00013470 f   EFat.obj
 0001:00002590       ?OnSelectDisk@CEFat@@QAAXXZ 00013590 f   EFat.obj
 0001:0000261c       ?OnBnClickedGetInfo@CEFat@@QAAXXZ 0001361c f   EFat.obj
 0001:00002728       ?OnBnClickedFormatDisk@CEFat@@QAAXXZ 00013728 f   EFat.obj
 0001:00002940       ?PreTranslateMessage@CEFat@@UAAHPAUtagMSG@@@Z 00013940 f   EFat.obj
 0001:000029c8       ??_ECEFat@@UAAPAXI@Z       000139c8 f i EFat.obj
 0001:000029c8       ??_GCEFat@@UAAPAXI@Z       000139c8 f i EFat.obj
 0001:00002a08       ?wcsstr@@YAPA_WPA_WPB_W@Z  00013a08 f i EFat.obj
 0001:00002a3c       ?strstr@@YAPADPADPBD@Z     00013a3c f i EFat.obj
 0001:00002a70       ??Y?$CStringT@_WV?$StrTraitMFC@_WV?$ChTraitsOS@_W@ATL@@@@@ATL@@QAAAAV01@PB_W@Z 00013a70 f i EFat.obj
 0001:00002aa0       ??0?$basic_string@DU?$char_traits@D@std@@V?$allocator@D@2@@std@@QAA@ABV?$allocator@D@1@@Z 00013aa0 f i EFat.obj
 0001:00002ad0       ??1?$basic_string@DU?$char_traits@D@std@@V?$allocator@D@2@@std@@QAA@XZ 00013ad0 f i EFat.obj
 0001:00002aec       ??4?$basic_string@DU?$char_traits@D@std@@V?$allocator@D@2@@std@@QAAAAV01@PBD@Z 00013aec f i EFat.obj
 0001:00002b20       ?append@?$basic_string@DU?$char_traits@D@std@@V?$allocator@D@2@@std@@QAAAAV12@PBD@Z 00013b20 f i EFat.obj
 0001:00002b64       ?length@?$char_traits@D@std@@SAIPBD@Z 00013b64 f i EFat.obj
 0001:00002b94       ?c_str@?$basic_string@DU?$char_traits@D@std@@V?$allocator@D@2@@std@@QBAPBDXZ 00013b94 f i EFat.obj
 0001:00002bf0       ?size@?$basic_string@DU?$char_traits@D@std@@V?$allocator@D@2@@std@@QBAIXZ 00013bf0 f i EFat.obj
 0001:00002c1c       ??Y?$CSimpleStringT@_W$0A@@ATL@@QAAAAV01@PB_W@Z 00013c1c f i EFat.obj
 0001:00002c4c       ?append@?$basic_string@DU?$char_traits@D@std@@V?$allocator@D@2@@std@@QAAAAV12@PBDI@Z 00013c4c f i EFat.obj
 0001:00002d14       ?copy@?$char_traits@D@std@@SAPADPADPBDI@Z 00013d14 f i EFat.obj
 0001:00002d4c       ?assign@?$basic_string@DU?$char_traits@D@std@@V?$allocator@D@2@@std@@QAAAAV12@PBD@Z 00013d4c f i EFat.obj
 0001:00002d90       ?_Nullstr@?$basic_string@DU?$char_traits@D@std@@V?$allocator@D@2@@std@@CAPBDXZ 00013d90 f i EFat.obj
 0001:00002dac       ?_Tidy@?$basic_string@DU?$char_traits@D@std@@V?$allocator@D@2@@std@@AAAX_N@Z 00013dac f i EFat.obj
 0001:00002ecc       ?Append@?$CSimpleStringT@_W$0A@@ATL@@QAAXPB_W@Z 00013ecc f i EFat.obj
 0001:00002f00       ?assign@?$basic_string@DU?$char_traits@D@std@@V?$allocator@D@2@@std@@QAAAAV12@PBDI@Z 00013f00 f i EFat.obj
 0001:00002f68       ?_Eos@?$basic_string@DU?$char_traits@D@std@@V?$allocator@D@2@@std@@AAAXI@Z 00013f68 f i EFat.obj
 0001:00002fb4       ?assign@?$char_traits@D@std@@SAXAADABD@Z 00013fb4 f i EFat.obj
 0001:00002fd4       ?_Grow@?$basic_string@DU?$char_traits@D@std@@V?$allocator@D@2@@std@@AAA_NI_N@Z 00013fd4 f i EFat.obj
 0001:000031fc       ?_Refcnt@?$basic_string@DU?$char_traits@D@std@@V?$allocator@D@2@@std@@AAAAAEPBD@Z 000141fc f i EFat.obj
 0001:00003224       ?deallocate@?$allocator@D@std@@QAAXPAXI@Z 00014224 f i EFat.obj
 0001:0000323c       ?Append@?$CSimpleStringT@_W$0A@@ATL@@QAAXPB_WH@Z 0001423c f i EFat.obj
 0001:0000331c       ?max_size@?$basic_string@DU?$char_traits@D@std@@V?$allocator@D@2@@std@@QBAIXZ 0001431c f i EFat.obj
 0001:00003380       ?_Copy@?$basic_string@DU?$char_traits@D@std@@V?$allocator@D@2@@std@@AAAXI@Z 00014380 f i EFat.obj
 0001:00003530       ?allocate@?$allocator@D@std@@QAAPADIPBX@Z 00014530 f i EFat.obj
 0001:00003564       ?max_size@?$allocator@D@std@@QBAIXZ 00014564 f i EFat.obj
 0001:000035b0       ?Format@?$CStringT@_WV?$StrTraitMFC@_WV?$ChTraitsOS@_W@ATL@@@@@ATL@@QAAXPB_WZZ 000145b0 f i EFat.obj
 0001:00003640       ??$_Allocate@D@std@@YAPADIPAD@Z 00014640 f i EFat.obj
 0001:000036c4       ?FormatV@?$CStringT@_WV?$StrTraitMFC@_WV?$ChTraitsOS@_W@ATL@@@@@ATL@@QAAXPB_WPAD@Z 000146c4 f i EFat.obj
 0001:000037a0       ?AtlThrowImpl@ATL@@YAXJ@Z  000147a0 f i EFat.obj
 0001:00003824       ??RCTraceFileAndLineInfo@ATL@@QBAXKIPB_WZZ 00014824 f i EFat.obj
 0001:0000388c       ?AtlIsValidString@ATL@@YAHPB_WI@Z 0001488c f i EFat.obj
 0001:000038d8       ?GetFormattedLength@?$ChTraitsOS@_W@ATL@@SAHPB_WPAD@Z 000148d8 f i EFat.obj
 0001:000039d4       ?wvsprintfW@ATL@@YAHPA_WPB_WPAD@Z 000149d4 f i EFat.obj
 0001:00003a58       ?Format@?$ChTraitsOS@_W@ATL@@SAHPA_WIPB_WPAD@Z 00014a58 f i EFat.obj
 0001:00003c5c       ?wcscpy_s@Checked@ATL@@YAXPA_WIPB_W@Z 00014c5c f i EFat.obj
 0001:00003c90       ?AfxCrtErrorCheck@@YAHH@Z  00014c90 f i EFat.obj
 0001:00003d14       ?GetLength@?$CSimpleStringT@_W$0A@@ATL@@QBAHXZ 00014d14 f i EFat.obj
 0001:00003d4c       ??0?$CStringT@_WV?$StrTraitMFC@_WV?$ChTraitsOS@_W@ATL@@@@@ATL@@QAA@XZ 00014d4c f i EFat.obj
 0001:00003d88       ??1?$CStringT@_WV?$StrTraitMFC@_WV?$ChTraitsOS@_W@ATL@@@@@ATL@@QAA@XZ 00014d88 f i EFat.obj
 0001:00003da0       ??0?$CSimpleStringT@_W$0A@@ATL@@QAA@PAUIAtlStringMgr@1@@Z 00014da0 f i EFat.obj
 0001:00003e7c       ??1?$CSimpleStringT@_W$0A@@ATL@@QAA@XZ 00014e7c f i EFat.obj
 0001:00003eb0       ?Release@CStringData@ATL@@QAAXXZ 00014eb0 f i EFat.obj
 0001:00003f58       ?GetBuffer@?$CSimpleStringT@_W$0A@@ATL@@QAAPA_WH@Z 00014f58 f i EFat.obj
 0001:00003f8c       ?StringLength@?$CSimpleStringT@_W$0A@@ATL@@SAHPB_W@Z 00014f8c f i EFat.obj
 0001:00003fd4       ?GetData@?$CSimpleStringT@_W$0A@@ATL@@ABAPAUCStringData@2@XZ 00014fd4 f i EFat.obj
 0001:00004000       ?PrepareWrite@?$CSimpleStringT@_W$0A@@ATL@@AAAPA_WH@Z 00015000 f i EFat.obj
 0001:00004084       ??4?$CStringT@_WV?$StrTraitMFC@_WV?$ChTraitsOS@_W@ATL@@@@@ATL@@QAAAAV01@PB_W@Z 00015084 f i EFat.obj
 0001:000040b4       ?GetDefaultManager@?$StrTraitMFC@_WV?$ChTraitsOS@_W@ATL@@@@SAPAUIAtlStringMgr@ATL@@XZ 000150b4 f i EFat.obj
 0001:000040d8       ??4?$CSimpleStringT@_W$0A@@ATL@@QAAAAV01@PB_W@Z 000150d8 f i EFat.obj
 0001:00004108       ?Empty@?$CSimpleStringT@_W$0A@@ATL@@QAAXXZ 00015108 f i EFat.obj
 0001:000041bc       ?IsLocked@CStringData@ATL@@QBA_NXZ 000151bc f i EFat.obj
 0001:0000420c       ?SetLength@?$CSimpleStringT@_W$0A@@ATL@@AAAXH@Z 0001520c f i EFat.obj
 0001:00004340       ?ReleaseBufferSetLength@?$CSimpleStringT@_W$0A@@ATL@@QAAXH@Z 00015340 f i EFat.obj
 0001:000043ac       ?Attach@?$CSimpleStringT@_W$0A@@ATL@@AAAXPAUCStringData@2@@Z 000153ac f i EFat.obj
 0001:000043dc       ?data@CStringData@ATL@@QAAPAXXZ 000153dc f i EFat.obj
 0001:00004404       ?PrepareWrite2@?$CSimpleStringT@_W$0A@@ATL@@AAAXH@Z 00015404 f i EFat.obj
 0001:000044f8       ?IsShared@CStringData@ATL@@QBA_NXZ 000154f8 f i EFat.obj
 0001:00004548       ?SetString@?$CSimpleStringT@_W$0A@@ATL@@QAAXPB_W@Z 00015548 f i EFat.obj
 0001:0000457c       ?CopyChars@?$CSimpleStringT@_W$0A@@ATL@@SAXPA_WIPB_WH@Z 0001557c f i EFat.obj
 0001:000045b0       ?Fork@?$CSimpleStringT@_W$0A@@ATL@@AAAXH@Z 000155b0 f i EFat.obj
 0001:000046d8       ?ThrowMemoryException@?$CSimpleStringT@_W$0A@@ATL@@KAXXZ 000156d8 f i EFat.obj
 0001:000046ec       ?Reallocate@?$CSimpleStringT@_W$0A@@ATL@@AAAXH@Z 000156ec f i EFat.obj
 0001:000047f0       ?SetString@?$CSimpleStringT@_W$0A@@ATL@@QAAXPB_WH@Z 000157f0 f i EFat.obj
 0001:000048dc       ?GetString@?$CSimpleStringT@_W$0A@@ATL@@QBAPB_WXZ 000158dc f i EFat.obj
 0001:00004904       ?CopyCharsOverlapped@?$CSimpleStringT@_W$0A@@ATL@@SAXPA_WIPB_WH@Z 00015904 f i EFat.obj
 0001:00004938       ?GetRuntimeClass@CEFile@@UBAPAUCRuntimeClass@@XZ 00015938 f   EFile.obj
 0001:00004968       ??0CEFile@@QAA@XZ          00015968 f   EFile.obj
 0001:00004a8c       ??1CEFile@@UAA@XZ          00015a8c f   EFile.obj
 0001:00004b74       ?DoDataExchange@CEFile@@MAAXPAVCDataExchange@@@Z 00015b74 f   EFile.obj
 0001:00004bc0       ?GetMessageMap@CEFile@@MBAPBUAFX_MSGMAP@@XZ 00015bc0 f   EFile.obj
 0001:00004bec       ?GetThisMessageMap@CEFile@@KAPBUAFX_MSGMAP@@XZ 00015bec f   EFile.obj
 0001:00004c10       ?EnumDiskInfo@CEFile@@IAAHXZ 00015c10 f   EFile.obj
 0001:00004d30       ?EnumPartInfo@CEFile@@IAAHPB_W@Z 00015d30 f   EFile.obj
 0001:00004ec8       ?FindDisk@CEFile@@IAAIPB_W@Z 00015ec8 f   EFile.obj
 0001:00004f58       ?PrintFileData@CEFile@@IAAXPAEK@Z 00015f58 f   EFile.obj
 0001:0000510c       ?Read@CEFile@@IAAHPAX@Z    0001610c f   EFile.obj
 0001:00005314       ?ReadFileData@CEFile@@IAAHPB_W@Z 00016314 f   EFile.obj
 0001:000054b8       ?InitPart@CEFile@@IAAHPB_W@Z 000164b8 f   EFile.obj
 0001:00005778       ?OnInitDialog@CEFile@@UAAHXZ 00016778 f   EFile.obj
 0001:000057b4       ?OnBnClickedFileSelect@CEFile@@QAAXXZ 000167b4 f   EFile.obj
 0001:00005940       ??_ECEFile@@UAAPAXI@Z      00016940 f i EFile.obj
 0001:00005940       ??_GCEFile@@UAAPAXI@Z      00016940 f i EFile.obj
 0001:00005980       ?IsEmpty@?$CSimpleStringT@_W$0A@@ATL@@QBA_NXZ 00016980 f i EFile.obj
 0001:000059d4       ??4?$CStringT@_WV?$StrTraitMFC@_WV?$ChTraitsOS@_W@ATL@@@@@ATL@@QAAAAV01@ABV01@@Z 000169d4 f i EFile.obj
 0001:00005a04       ?Find@?$CStringT@_WV?$StrTraitMFC@_WV?$ChTraitsOS@_W@ATL@@@@@ATL@@QBAH_WH@Z 00016a04 f i EFile.obj
 0001:00005b18       ?Right@?$CStringT@_WV?$StrTraitMFC@_WV?$ChTraitsOS@_W@ATL@@@@@ATL@@QBA?AV12@H@Z 00016b18 f i EFile.obj
 0001:00005c00       ??4?$CSimpleStringT@_W$0A@@ATL@@QAAAAV01@ABV01@@Z 00016c00 f i EFile.obj
 0001:00005ce0       ??0?$CStringT@_WV?$StrTraitMFC@_WV?$ChTraitsOS@_W@ATL@@@@@ATL@@QAA@PB_WHPAUIAtlStringMgr@1@@Z 00016ce0 f i EFile.obj
 0001:00005d1c       ?GetManager@?$CStringT@_WV?$StrTraitMFC@_WV?$ChTraitsOS@_W@ATL@@@@@ATL@@QBAPAUIAtlStringMgr@2@XZ 00016d1c f i EFile.obj
 0001:00005d9c       ??0?$CSimpleStringT@_W$0A@@ATL@@QAA@PB_WHPAUIAtlStringMgr@1@@Z 00016d9c f i EFile.obj
 0001:00005ed8       ?GetManager@?$CSimpleStringT@_W$0A@@ATL@@QBAPAUIAtlStringMgr@2@XZ 00016ed8 f i EFile.obj
 0001:00005f54       ?StringFindChar@?$ChTraitsOS@_W@ATL@@SAPB_WPB_W_W@Z 00016f54 f i EFile.obj
 0001:00005f88       ?strchr@?$ChTraitsOS@_W@ATL@@SAPB_WPB_W_W@Z 00016f88 f i EFile.obj
 0001:00005fbc       ??B?$CSimpleStringT@_W$0A@@ATL@@QBAPB_WXZ 00016fbc f i EFile.obj
 0001:00005fe4       ??0?$CStringT@_WV?$StrTraitMFC@_WV?$ChTraitsOS@_W@ATL@@@@@ATL@@QAA@ABV01@@Z 00016fe4 f i EFile.obj
 0001:00006020       ??0?$CStringT@_WV?$StrTraitMFC@_WV?$ChTraitsOS@_W@ATL@@@@@ATL@@QAA@PB_W@Z 00017020 f i EFile.obj
 0001:000060a0       ??0?$CSimpleStringT@_W$0A@@ATL@@QAA@ABV01@@Z 000170a0 f i EFile.obj
 0001:000060f8       ?CheckImplicitLoad@?$CStringT@_WV?$StrTraitMFC@_WV?$ChTraitsOS@_W@ATL@@@@@ATL@@AAA_NPBX@Z 000170f8 f i EFile.obj
 0001:000061bc       ?LoadStringW@?$CStringT@_WV?$StrTraitMFC@_WV?$ChTraitsOS@_W@ATL@@@@@ATL@@QAAHI@Z 000171bc f i EFile.obj
 0001:00006220       ?LoadStringW@?$CStringT@_WV?$StrTraitMFC@_WV?$ChTraitsOS@_W@ATL@@@@@ATL@@QAAHPAUHINSTANCE__@@I@Z 00017220 f i EFile.obj
 0001:000062d8       ?AtlGetStringResourceImage@ATL@@YAPBUATLSTRINGRESOURCEIMAGE@1@PAUHINSTANCE__@@I@Z 000172d8 f i EFile.obj
 0001:00006358       ?_AtlGetStringResourceImage@ATL@@YAPBUATLSTRINGRESOURCEIMAGE@1@PAUHINSTANCE__@@PAUHRSRC__@@I@Z 00017358 f i EFile.obj
 0001:00006490       LockResource               00017490 f i EFile.obj
 0001:000064b4       ?GetBaseTypeLength@?$ChTraitsOS@_W@ATL@@SAHPB_WH@Z 000174b4 f i EFile.obj
 0001:000064d8       ?ConvertToBaseType@?$ChTraitsOS@_W@ATL@@SAXPA_WHPB_WH@Z 000174d8 f i EFile.obj
 0001:00006528       ?wmemcpy_s@Checked@ATL@@YAXPA_WIPB_WI@Z 00017528 f i EFile.obj
 0001:00006560       wmemcpy_s                  00017560 f i EFile.obj
 0001:000065ac       ?GetBaseTypeLength@?$ChTraitsOS@_W@ATL@@SAHPB_W@Z 000175ac f i EFile.obj
 0001:000065dc       ?lstrlenW@ATL@@YAHPB_W@Z   000175dc f i EFile.obj
 0001:0000662c       ?FindStringResourceInstance@?$StrTraitMFC@_WV?$ChTraitsOS@_W@ATL@@@@SAPAUHINSTANCE__@@I@Z 0001762c f i EFile.obj
 0001:0000665c       ?CloneData@?$CSimpleStringT@_W$0A@@ATL@@CAPAUCStringData@2@PAU32@@Z 0001765c f i EFile.obj
 0001:00006798       ?AddRef@CStringData@ATL@@QAAXXZ 00017798 f i EFile.obj
 0001:00006808       ??$AtlstrchrT@_W@ATL@@YAPB_WPB_W_W@Z 00017808 f i EFile.obj
 0001:00006904       ??$AtlCharNext@_W@ATL@@YAPA_WPB_W@Z 00017904 f i EFile.obj
 0001:0000692c       ?Size2String@@YAH_JPA_WK@Z 0001792c f   eutil.obj
 0001:00006a98       ?MByteToWChar@@YAPA_WPBD@Z 00017a98 f   eutil.obj
 0001:00006be0       ?WCharToMByte@@YAPADPB_W@Z 00017be0 f   eutil.obj
 0001:00006d10       ?DeleteBuffer@@YAXPAX@Z    00017d10 f   eutil.obj
 0001:00006d4c       ?Write2File@@YAIPAEKPBD@Z  00017d4c f   eutil.obj
 0001:00006e20       ?Write2File@@YAPAXPAXPAEKPB_W@Z 00017e20 f   eutil.obj
 0001:00006f9c       ?GetCurrentDirectory@@YAHPA_WK@Z 00017f9c f   eutil.obj
 0001:00007168       ??0?$basic_string@_WU?$char_traits@_W@std@@V?$allocator@_W@2@@std@@QAA@PB_WABV?$allocator@_W@1@@Z 00018168 f i eutil.obj
 0001:000071a4       ??1?$basic_string@_WU?$char_traits@_W@std@@V?$allocator@_W@2@@std@@QAA@XZ 000181a4 f i eutil.obj
 0001:000071c0       ?append@?$basic_string@_WU?$char_traits@_W@std@@V?$allocator@_W@2@@std@@QAAAAV12@PB_W@Z 000181c0 f i eutil.obj
 0001:00007204       ?length@?$char_traits@_W@std@@SAIPB_W@Z 00018204 f i eutil.obj
 0001:00007234       ?c_str@?$basic_string@_WU?$char_traits@_W@std@@V?$allocator@_W@2@@std@@QBAPB_WXZ 00018234 f i eutil.obj
 0001:00007290       ?rfind@?$basic_string@_WU?$char_traits@_W@std@@V?$allocator@_W@2@@std@@QBAIPB_WI@Z 00018290 f i eutil.obj
 0001:000072d8       ?append@?$basic_string@_WU?$char_traits@_W@std@@V?$allocator@_W@2@@std@@QAAAAV12@PB_WI@Z 000182d8 f i eutil.obj
 0001:000073a8       ?copy@?$char_traits@_W@std@@SAPA_WPA_WPB_WI@Z 000183a8 f i eutil.obj
 0001:000073e0       ?assign@?$basic_string@_WU?$char_traits@_W@std@@V?$allocator@_W@2@@std@@QAAAAV12@PB_W@Z 000183e0 f i eutil.obj
 0001:00007424       ?rfind@?$basic_string@_WU?$char_traits@_W@std@@V?$allocator@_W@2@@std@@QBAIPB_WII@Z 00018424 f i eutil.obj
 0001:000075a8       ?eq@?$char_traits@_W@std@@SA_NAB_W0@Z 000185a8 f i eutil.obj
 0001:00007600       ?compare@?$char_traits@_W@std@@SAHPB_W0I@Z 00018600 f i eutil.obj
 0001:00007638       ?_Nullstr@?$basic_string@_WU?$char_traits@_W@std@@V?$allocator@_W@2@@std@@CAPB_WXZ 00018638 f i eutil.obj
 0001:00007654       ?_Tidy@?$basic_string@_WU?$char_traits@_W@std@@V?$allocator@_W@2@@std@@AAAX_N@Z 00018654 f i eutil.obj
 0001:00007774       ?assign@?$basic_string@_WU?$char_traits@_W@std@@V?$allocator@_W@2@@std@@QAAAAV12@PB_WI@Z 00018774 f i eutil.obj
 0001:000077dc       ?_Eos@?$basic_string@_WU?$char_traits@_W@std@@V?$allocator@_W@2@@std@@AAAXI@Z 000187dc f i eutil.obj
 0001:00007830       ?assign@?$char_traits@_W@std@@SAXAA_WAB_W@Z 00018830 f i eutil.obj
 0001:00007850       ?_Grow@?$basic_string@_WU?$char_traits@_W@std@@V?$allocator@_W@2@@std@@AAA_NI_N@Z 00018850 f i eutil.obj
 0001:00007a78       ?_Refcnt@?$basic_string@_WU?$char_traits@_W@std@@V?$allocator@_W@2@@std@@AAAAAEPB_W@Z 00018a78 f i eutil.obj
 0001:00007aa0       ?deallocate@?$allocator@_W@std@@QAAXPAXI@Z 00018aa0 f i eutil.obj
 0001:00007ab8       ?max_size@?$basic_string@_WU?$char_traits@_W@std@@V?$allocator@_W@2@@std@@QBAIXZ 00018ab8 f i eutil.obj
 0001:00007b1c       ?_Copy@?$basic_string@_WU?$char_traits@_W@std@@V?$allocator@_W@2@@std@@AAAXI@Z 00018b1c f i eutil.obj
 0001:00007ccc       ?allocate@?$allocator@_W@std@@QAAPA_WIPBX@Z 00018ccc f i eutil.obj
 0001:00007d00       ?max_size@?$allocator@_W@std@@QBAIXZ 00018d00 f i eutil.obj
 0001:00007d4c       ??$_Allocate@_W@std@@YAPA_WIPA_W@Z 00018d4c f i eutil.obj
 0001:00007dd8       wmemcmp                    00018dd8 f i eutil.obj
 0001:00007e8c       wmemcpy                    00018e8c f i eutil.obj
 0001:00007f00       ??0CEFatfs@@QAA@XZ         00018f00 f   fatfs1.obj
 0001:00007fe8       ??1CEFatfs@@UAA@XZ         00018fe8 f   fatfs1.obj
 0001:00008014       ?GetPartData@CEFatfs@@QAAHPAU_VOLUME_DATA@@@Z 00019014 f   fatfs1.obj
 0001:0000807c       ?OpenPart@CEFatfs@@QAAPAXPB_W0@Z 0001907c f   fatfs1.obj
 0001:00008194       ?InitDiskInterface@CEFatfs@@QAAHPAX@Z 00019194 f   fatfs1.obj
 0001:00008208       ?GetDiskInfo@CEFatfs@@QAAHPAU_DISK_INFO@@@Z 00019208 f   fatfs1.obj
 0001:00008270       ?ReadSectors@CEFatfs@@QAAHKPAEK@Z 00019270 f   fatfs1.obj
 0001:000082b0       ?GetBootSectorData@CEFatfs@@QAAHPAE@Z 000192b0 f   fatfs1.obj
 0001:00008320       ?ParseFatInfo@CEFatfs@@QAAHPAE@Z 00019320 f   fatfs1.obj
 0001:00008b98       ?InitRootDirEntry@CEFatfs@@IAAHPAUFATFS_DIR_ENTRY@@@Z 00019b98 f   fatfs1.obj
 0001:00008c34       ?InitPos@CEFatfs@@IAAHPAUFATFS_DIR_ENTRY@@PAUFATFS_DATA_POS@@@Z 00019c34 f   fatfs1.obj
 0001:00008c8c       ?CloseFile@CEFatfs@@QAAHPAX@Z 00019c8c f   fatfs1.obj
 0001:00008cf4       ?CreateFileW@CEFatfs@@QAAPAXPA_W@Z 00019cf4 f   fatfs1.obj
 0001:00008e90       ?ReadFile@CEFatfs@@QAAKPAXPAEK@Z 00019e90 f   fatfs1.obj
 0001:00008fe8       ?WriteFile@CEFatfs@@QAAKPAXPAEK@Z 00019fe8 f   fatfs1.obj
 0001:00009124       ?SeekFile@CEFatfs@@QAAHPAXK@Z 0001a124 f   fatfs1.obj
 0001:0000923c       ?DoCreateFile@CEFatfs@@IAAPAXPAUFATFS_DIR_SEARCH@@@Z 0001a23c f   fatfs1.obj
 0001:00009658       ?Find@CEFatfs@@IAAHPAUFATFS_DIR_SEARCH@@@Z 0001a658 f   fatfs1.obj
 0001:00009774       ?Find_DEntry@CEFatfs@@IAAHPAUFATFS_DIR_SEARCH@@@Z 0001a774 f   fatfs1.obj
 0001:000098ec       ?Find_DirEntry@CEFatfs@@IAAHPAUFATFS_DIR_SEARCH@@@Z 0001a8ec f   fatfs1.obj
 0001:00009a2c       ?Read_DEntry@CEFatfs@@IAAHPAUFATFS_DIR_ENTRY@@PAUFATFS_DATA_POS@@0@Z 0001aa2c f   fatfs1.obj
 0001:00009b0c       ?CreateDirEntry@CEFatfs@@IAAHPAUFATFS_DATA_POS@@PAE@Z 0001ab0c f   fatfs1.obj
 0001:00009bfc       ?Read_NextDEntry@CEFatfs@@IAAHPAUFATFS_DATA_POS@@PAE@Z 0001abfc f   fatfs1.obj
 0001:00009da8       ?ReadDirEntry@CEFatfs@@IAAHPAUFATFS_DATA_POS@@PAE@Z 0001ada8 f   fatfs1.obj
 0001:00009fd4       ?Raw2Entry@CEFatfs@@IAAHPAEPAUFATFS_DATA_POS@@PAUFATFS_DIR_ENTRY@@@Z 0001afd4 f   fatfs1.obj
 0001:0000a40c       ?FillDirEntry@CEFatfs@@IAAHPAE0@Z 0001b40c f   fatfs1.obj
 0001:0000a7a4       ?GetFileName@CEFatfs@@IAAHPAUFAT_LONG_DIR_ENTRY@@@Z 0001b7a4 f   fatfs1.obj
 0001:0000a9a8       ?DoChkSum@CEFatfs@@IAAEPAE@Z 0001b9a8 f   fatfs1.obj
 0001:0000aa5c       ?IsLegalShortNameChar@CEFatfs@@IAAHE@Z 0001ba5c f   fatfs1.obj
 0001:0000ab9c       ?NameConvert@CEFatfs@@IAAHPA_WPAD@Z 0001bb9c f   fatfs1.obj
 0001:0000ae84       ?Get_NextFreeCluster@CEFatfs@@IAAHPAUFATFS_DATA_POS@@@Z 0001be84 f   fatfs1.obj
 0001:0000b000       ?Get_NextChainCluster@CEFatfs@@IAAHPAUFATFS_DATA_POS@@@Z 0001c000 f   fatfs1.obj
 0001:0000b150       ?Get_FatEntryType@CEFatfs@@IAAHK@Z 0001c150 f   fatfs1.obj
 0001:0000b3f4       ?WriteData@CEFatfs@@IAAHPAEAAKPAUFATFS_DATA_POS@@@Z 0001c3f4 f   fatfs1.obj
 0001:0000b600       ?ReadData@CEFatfs@@IAAHPAEAAKPAUFATFS_DATA_POS@@@Z 0001c600 f   fatfs1.obj
 0001:0000b7d4       ?Write_FatEntry@CEFatfs@@IAAHKK@Z 0001c7d4 f   fatfs1.obj
 0001:0000bc7c       ?Read_FatEntry@CEFatfs@@IAAHKAAK@Z 0001cc7c f   fatfs1.obj
 0001:0000c00c       ?ReadCluster@CEFatfs@@IAAHPAEKKK@Z 0001d00c f   fatfs1.obj
 0001:0000c108       ?ReadSector@CEFatfs@@IAAHKKPAEK@Z 0001d108 f   fatfs1.obj
 0001:0000c3a0       ?WriteCluster@CEFatfs@@IAAHPAEKKK@Z 0001d3a0 f   fatfs1.obj
 0001:0000c49c       ?WriteSector@CEFatfs@@IAAHKKPAEK@Z 0001d49c f   fatfs1.obj
 0001:0000c7b0       ??_GCEFatfs@@UAAPAXI@Z     0001d7b0 f i fatfs1.obj
 0001:0000c7b0       ??_ECEFatfs@@UAAPAXI@Z     0001d7b0 f i fatfs1.obj
 0001:0000c7f0       ?Init@CEDiskInterface@@QAAXPAX@Z 0001d7f0 f i fatfs1.obj
 0001:0000c810       ?SetParameter@CEDiskInterface@@QAAXKPAU_VOLUME_DATA@@@Z 0001d810 f i fatfs1.obj
 0001:0000c840       ?AfxAssertFailedLine@@YAHPBDH@Z 0001d840 f   uafxcwd:afxasert.obj
 0001:0000c9a8       ?lstrlenA@ATL@@YAHPBD@Z    0001d9a8 f i uafxcwd:afxasert.obj
 0001:0000ca1c       ?_AtlGetConversionACP@ATL@@YAIXZ 0001da1c f i uafxcwd:afxasert.obj
 0001:0000ca34       ?AtlA2WHelper@@YAPA_WPA_WPBDHI@Z 0001da34 f i uafxcwd:afxasert.obj
 0001:0000cb94       ??0CAtlWinModule@ATL@@QAA@XZ 0001db94 f i uafxcwd:afxasert.obj
 0001:0000cc54       ??0_ATL_WIN_MODULE70@ATL@@QAA@XZ 0001dc54 f i uafxcwd:afxasert.obj
 0001:0000ccb8       ??0CComCriticalSection@ATL@@QAA@XZ 0001dcb8 f i uafxcwd:afxasert.obj
 0001:0000ccf0       ??1CComCriticalSection@ATL@@QAA@XZ 0001dcf0 f i uafxcwd:afxasert.obj
 0001:0000cd04       ??0?$CSimpleArray@GV?$CSimpleArrayEqualHelper@G@ATL@@@ATL@@QAA@XZ 0001dd04 f i uafxcwd:afxasert.obj
 0001:0000cd60       ??1CAtlWinModule@ATL@@QAA@XZ 0001dd60 f i uafxcwd:afxasert.obj
 0001:0000cda0       ?Term@CAtlWinModule@ATL@@QAAXXZ 0001dda0 f i uafxcwd:afxasert.obj
 0001:0000cdd8       ?GetModuleInstance@CAtlBaseModule@ATL@@QAAPAUHINSTANCE__@@XZ 0001ddd8 f i uafxcwd:afxasert.obj
 0001:0000ce10       ??1_ATL_WIN_MODULE70@ATL@@QAA@XZ 0001de10 f i uafxcwd:afxasert.obj
 0001:0000ce5c       ?AtlWinModuleTerm@ATL@@YAJPAU_ATL_WIN_MODULE70@1@PAUHINSTANCE__@@@Z 0001de5c f i uafxcwd:afxasert.obj
 0001:0000cf60       ?Term@CComCriticalSection@ATL@@QAAJXZ 0001df60 f i uafxcwd:afxasert.obj
 0001:0000cf90       ?GetSize@?$CSimpleArray@GV?$CSimpleArrayEqualHelper@G@ATL@@@ATL@@QBAHXZ 0001df90 f i uafxcwd:afxasert.obj
 0001:0000cfc0       ?RemoveAll@?$CSimpleArray@GV?$CSimpleArrayEqualHelper@G@ATL@@@ATL@@QAAXXZ 0001dfc0 f i uafxcwd:afxasert.obj
 0001:0000d058       ??A?$CSimpleArray@GV?$CSimpleArrayEqualHelper@G@ATL@@@ATL@@QAAAAGH@Z 0001e058 f i uafxcwd:afxasert.obj
 0001:0000d124       ?_AtlRaiseException@ATL@@YAXKK@Z 0001e124 f i uafxcwd:afxasert.obj
 0001:0000d14c       ??1?$CSimpleArray@GV?$CSimpleArrayEqualHelper@G@ATL@@@ATL@@QAA@XZ 0001e14c f i uafxcwd:afxasert.obj
 0001:0000d168       ?GetMessageMap@CWinApp@@MBAPBUAFX_MSGMAP@@XZ 0001e168 f   uafxcwd:appcore.obj
 0001:0000d198       ?GetThisMessageMap@CWinApp@@KAPBUAFX_MSGMAP@@XZ 0001e198 f   uafxcwd:appcore.obj
 0001:0000d1b4       ?AfxLoadLangResourceDLL@@YAPAUHINSTANCE__@@PB_W@Z 0001e1b4 f   uafxcwd:appcore.obj
 0001:0000d84c       ??0CWinApp@@QAA@PB_W@Z     0001e84c f   uafxcwd:appcore.obj
 0001:0000dc00       ?LoadSysPolicies@CWinApp@@UAAHXZ 0001ec00 f   uafxcwd:appcore.obj
 0001:0000dc34       ?_LoadSysPolicies@CWinApp@@IAAHXZ 0001ec34 f   uafxcwd:appcore.obj
 0001:0000ddf0       ?GetSysPolicyValue@CWinApp@@QAAHKPAH@Z 0001edf0 f   uafxcwd:appcore.obj
 0001:0000de68       ?InitApplication@CWinApp@@UAAHXZ 0001ee68 f   uafxcwd:appcore.obj
 0001:0000df4c       ?InitInstance@CWinApp@@UAAHXZ 0001ef4c f   uafxcwd:appcore.obj
 0001:0000dffc       ?LoadAppLangResourceDLL@CWinApp@@UAAPAUHINSTANCE__@@XZ 0001effc f   uafxcwd:appcore.obj
 0001:0000e174       ?ParseCommandLine@CWinApp@@QAAXAAVCCommandLineInfo@@@Z 0001f174 f   uafxcwd:appcore.obj
 0001:0000e2d8       ??0CCommandLineInfo@@QAA@XZ 0001f2d8 f   uafxcwd:appcore.obj
 0001:0000e36c       ??1CCommandLineInfo@@UAA@XZ 0001f36c f   uafxcwd:appcore.obj
 0001:0000e3a4       ?ParseParam@CCommandLineInfo@@UAAXPB_WHH@Z 0001f3a4 f   uafxcwd:appcore.obj
 0001:0000e3ec       ?ParseParamFlag@CCommandLineInfo@@IAAXPB_W@Z 0001f3ec f   uafxcwd:appcore.obj
 0001:0000e684       ?ParseParamNotFlag@CCommandLineInfo@@IAAXPB_W@Z 0001f684 f   uafxcwd:appcore.obj
 0001:0000e6cc       ?ParseLast@CCommandLineInfo@@IAAXH@Z 0001f6cc f   uafxcwd:appcore.obj
 0001:0000e7b8       ??1CWinApp@@UAA@XZ         0001f7b8 f   uafxcwd:appcore.obj
 0001:0000eaf0       ?ExitInstance@CWinApp@@UAAHXZ 0001faf0 f   uafxcwd:appcore.obj
 0001:0000eb80       ?Run@CWinApp@@UAAHXZ       0001fb80 f   uafxcwd:appcore.obj
 0001:0000ec24       ?AfxPostQuitMessage@@YAXH@Z 0001fc24 f   uafxcwd:appcore.obj
 0001:0000ec94       ?ProcessWndProcException@CWinApp@@UAAJPAVCException@@PBUtagMSG@@@Z 0001fc94 f   uafxcwd:appcore.obj
 0001:0000eec4       ?OnIdle@CWinApp@@UAAHJ@Z   0001fec4 f   uafxcwd:appcore.obj
 0001:0000f07c       ?AssertValid@CWinApp@@UBAXXZ 0002007c f   uafxcwd:appcore.obj
 0001:0000f188       ?GetRuntimeClass@CWinApp@@UBAPAUCRuntimeClass@@XZ 00020188 f   uafxcwd:appcore.obj
 0001:0000f1b4       GetCurrentThread           000201b4 f i uafxcwd:appcore.obj
 0001:0000f1cc       GetCurrentThreadId         000201cc f i uafxcwd:appcore.obj
 0001:0000f1ec       ??_ECWinApp@@UAAPAXI@Z     000201ec f i uafxcwd:appcore.obj
 0001:0000f1ec       ??_GCWinApp@@UAAPAXI@Z     000201ec f i uafxcwd:appcore.obj
 0001:0000f230       ??_GCCommandLineInfo@@UAAPAXI@Z 00020230 f i uafxcwd:appcore.obj
 0001:0000f230       ??_ECCommandLineInfo@@UAAPAXI@Z 00020230 f i uafxcwd:appcore.obj
 0001:0000f274       ??B?$CThreadLocal@VAFX_MODULE_THREAD_STATE@@@@QAAPAVAFX_MODULE_THREAD_STATE@@XZ 00020274 f i uafxcwd:appcore.obj
 0001:0000f2a8       ?GetData@?$CThreadLocal@VAFX_MODULE_THREAD_STATE@@@@QAAPAVAFX_MODULE_THREAD_STATE@@XZ 000202a8 f i uafxcwd:appcore.obj
 0001:0000f35c       ?CreateObject@?$CThreadLocal@VAFX_MODULE_THREAD_STATE@@@@SAPAVCNoTrackObject@@XZ 0002035c f i uafxcwd:appcore.obj
 0001:0000f3d8       ?GetVersion@ATL@@YAKXZ     000203d8 f i uafxcwd:appcore.obj
 0001:0000f49c       ?PathFindExtensionW@ATL@@YAPA_WPB_W@Z 0002049c f i uafxcwd:appcore.obj
 0001:0000f5a0       ?tcscpy_s@Checked@ATL@@YAXPA_WIPB_W@Z 000205a0 f i uafxcwd:appcore.obj
 0001:0000f5d8       ?SetResourceInstance@CAtlBaseModule@ATL@@QAAPAUHINSTANCE__@@PAU3@@Z 000205d8 f i uafxcwd:appcore.obj
 0001:0000f614       ??1?$CProcessLocal@V_AFX_WIN_STATE@@@@QAA@XZ 00020614 f i uafxcwd:appcore.obj
 0001:0000f630       ??0CObject@@IAA@XZ         00020630 f   uafxcwd:afxinl1.obj
 0001:0000f668       ??1CObject@@UAA@XZ         00020668 f   uafxcwd:afxinl1.obj
 0001:0000f68c       ?Serialize@CObject@@UAAXAAVCArchive@@@Z 0002068c f   uafxcwd:afxinl1.obj
 0001:0000f6a0       ??2CObject@@SAPAXIPAX@Z    000206a0 f   uafxcwd:afxinl1.obj
 0001:0000f6c8       ?AfxDynamicDownCast@@YAPBVCObject@@PAUCRuntimeClass@@PBV1@@Z 000206c8 f   uafxcwd:afxinl1.obj
 0001:0000f700       ?AfxStaticDownCast@@YAPBVCObject@@PAUCRuntimeClass@@PBV1@@Z 00020700 f   uafxcwd:afxinl1.obj
 0001:0000f738       ??1CException@@UAA@XZ      00020738 f   uafxcwd:afxinl1.obj
 0001:0000f764       ??0CSimpleException@@QAA@XZ 00020764 f   uafxcwd:afxinl1.obj
 0001:0000f7c8       ??0CSimpleException@@QAA@H@Z 000207c8 f   uafxcwd:afxinl1.obj
 0001:0000f830       ??1CSimpleException@@UAA@XZ 00020830 f   uafxcwd:afxinl1.obj
 0001:0000f85c       ??0CMemoryException@@QAA@XZ 0002085c f   uafxcwd:afxinl1.obj
 0001:0000f8a0       ??0CMemoryException@@QAA@HI@Z 000208a0 f   uafxcwd:afxinl1.obj
 0001:0000f8f8       ??1CMemoryException@@UAA@XZ 000208f8 f   uafxcwd:afxinl1.obj
 0001:0000f924       ??0CNotSupportedException@@QAA@XZ 00020924 f   uafxcwd:afxinl1.obj
 0001:0000f968       ??0CNotSupportedException@@QAA@HI@Z 00020968 f   uafxcwd:afxinl1.obj
 0001:0000f9c0       ??1CNotSupportedException@@UAA@XZ 000209c0 f   uafxcwd:afxinl1.obj
 0001:0000f9ec       ??0CInvalidArgException@@QAA@XZ 000209ec f   uafxcwd:afxinl1.obj
 0001:0000fa30       ??0CInvalidArgException@@QAA@HI@Z 00020a30 f   uafxcwd:afxinl1.obj
 0001:0000fa88       ??1CInvalidArgException@@UAA@XZ 00020a88 f   uafxcwd:afxinl1.obj
 0001:0000fabc       ??0CArchiveException@@QAA@HPB_W@Z 00020abc f   uafxcwd:afxinl1.obj
 0001:0000fb64       ??1CArchiveException@@UAA@XZ 00020b64 f   uafxcwd:afxinl1.obj
 0001:0000fba4       ??0CFileException@@QAA@HJPB_W@Z 00020ba4 f   uafxcwd:afxinl1.obj
 0001:0000fc5c       ??1CFileException@@UAA@XZ  00020c5c f   uafxcwd:afxinl1.obj
 0001:0000fc94       ??BCFile@@QBAPAXXZ         00020c94 f   uafxcwd:afxinl1.obj
 0001:0000fcc4       ?SeekToEnd@CFile@@QAA_KXZ  00020cc4 f   uafxcwd:afxinl1.obj
 0001:0000fd28       ?SeekToBegin@CFile@@QAAXXZ 00020d28 f   uafxcwd:afxinl1.obj
 0001:0000fd64       ?SetFilePath@CFile@@UAAXPB_W@Z 00020d64 f   uafxcwd:afxinl1.obj
 0001:0000fdf8       ?IsLoading@CArchive@@QBAHXZ 00020df8 f   uafxcwd:afxinl1.obj
 0001:0000fe48       ?IsStoring@CArchive@@QBAHXZ 00020e48 f   uafxcwd:afxinl1.obj
 0001:0000fe98       ?IsByteSwapping@CArchive@@QBAHXZ 00020e98 f   uafxcwd:afxinl1.obj
 0001:0000fec0       ?IsBufferEmpty@CArchive@@QBAHXZ 00020ec0 f   uafxcwd:afxinl1.obj
 0001:0000ff1c       ?GetFile@CArchive@@QBAPAVCFile@@XZ 00020f1c f   uafxcwd:afxinl1.obj
 0001:0000ff4c       ?SetObjectSchema@CArchive@@QAAXI@Z 00020f4c f   uafxcwd:afxinl1.obj
 0001:0000ff70       ?SetStoreParams@CArchive@@QAAXII@Z 00020f70 f   uafxcwd:afxinl1.obj
 0001:00010020       ?SetLoadParams@CArchive@@QAAXI@Z 00021020 f   uafxcwd:afxinl1.obj
 0001:000100c0       ??6CArchive@@QAAAAV0@H@Z   000210c0 f   uafxcwd:afxinl1.obj
 0001:000100f8       ??6CArchive@@QAAAAV0@I@Z   000210f8 f   uafxcwd:afxinl1.obj
 0001:00010130       ??6CArchive@@QAAAAV0@F@Z   00021130 f   uafxcwd:afxinl1.obj
 0001:00010168       ??6CArchive@@QAAAAV0@D@Z   00021168 f   uafxcwd:afxinl1.obj
 0001:000101a0       ??6CArchive@@QAAAAV0@_W@Z  000211a0 f   uafxcwd:afxinl1.obj
 0001:000101d8       ??6CArchive@@QAAAAV0@_N@Z  000211d8 f   uafxcwd:afxinl1.obj
 0001:00010234       ??6CArchive@@QAAAAV0@E@Z   00021234 f   uafxcwd:afxinl1.obj
 0001:000102ec       ??6CArchive@@QAAAAV0@_J@Z  000212ec f   uafxcwd:afxinl1.obj
 0001:000103f8       ??6CArchive@@QAAAAV0@_K@Z  000213f8 f   uafxcwd:afxinl1.obj
 0001:00010504       ??6CArchive@@QAAAAV0@G@Z   00021504 f   uafxcwd:afxinl1.obj
 0001:000105c4       ??6CArchive@@QAAAAV0@J@Z   000215c4 f   uafxcwd:afxinl1.obj
 0001:0001069c       ??6CArchive@@QAAAAV0@K@Z   0002169c f   uafxcwd:afxinl1.obj
 0001:00010774       ??6CArchive@@QAAAAV0@M@Z   00021774 f   uafxcwd:afxinl1.obj
 0001:0001084c       ??6CArchive@@QAAAAV0@N@Z   0002184c f   uafxcwd:afxinl1.obj
 0001:00010958       ??5CArchive@@QAAAAV0@AAH@Z 00021958 f   uafxcwd:afxinl1.obj
 0001:00010990       ??5CArchive@@QAAAAV0@AAI@Z 00021990 f   uafxcwd:afxinl1.obj
 0001:000109c8       ??5CArchive@@QAAAAV0@AAF@Z 000219c8 f   uafxcwd:afxinl1.obj
 0001:00010a00       ??5CArchive@@QAAAAV0@AAD@Z 00021a00 f   uafxcwd:afxinl1.obj
 0001:00010a38       ??5CArchive@@QAAAAV0@AA_W@Z 00021a38 f   uafxcwd:afxinl1.obj
 0001:00010a70       ??5CArchive@@QAAAAV0@AA_N@Z 00021a70 f   uafxcwd:afxinl1.obj
 0001:00010adc       ??5CArchive@@QAAAAV0@AAE@Z 00021adc f   uafxcwd:afxinl1.obj
 0001:00010bb8       ??5CArchive@@QAAAAV0@AA_J@Z 00021bb8 f   uafxcwd:afxinl1.obj
 0001:00010cf4       ??5CArchive@@QAAAAV0@AA_K@Z 00021cf4 f   uafxcwd:afxinl1.obj
 0001:00010e30       ??5CArchive@@QAAAAV0@AAG@Z 00021e30 f   uafxcwd:afxinl1.obj
 0001:00010f20       ??5CArchive@@QAAAAV0@AAK@Z 00021f20 f   uafxcwd:afxinl1.obj
 0001:00011020       ??5CArchive@@QAAAAV0@AAM@Z 00022020 f   uafxcwd:afxinl1.obj
 0001:00011120       ??5CArchive@@QAAAAV0@AAN@Z 00022120 f   uafxcwd:afxinl1.obj
 0001:0001125c       ??5CArchive@@QAAAAV0@AAJ@Z 0002225c f   uafxcwd:afxinl1.obj
 0001:0001135c       ??0CArchive@@IAA@ABV0@@Z   0002235c f   uafxcwd:afxinl1.obj
 0001:00011394       ??4CArchive@@IAAXABV0@@Z   00022394 f   uafxcwd:afxinl1.obj
 0001:000113a8       ??6@YAAAVCArchive@@AAV0@PBVCObject@@@Z 000223a8 f   uafxcwd:afxinl1.obj
 0001:000113dc       ??5@YAAAVCArchive@@AAV0@AAPAVCObject@@@Z 000223dc f   uafxcwd:afxinl1.obj
 0001:00011420       ??5@YAAAVCArchive@@AAV0@AAPBVCObject@@@Z 00022420 f   uafxcwd:afxinl1.obj
 0001:00011464       ?EnsureRead@CArchive@@QAAXPAXI@Z 00022464 f   uafxcwd:afxinl1.obj
 0001:000114b8       ??0CCommonDialog@@QAA@PAVCWnd@@@Z 000224b8 f   uafxcwd:afxinl1.obj
 0001:00011504       ?GetReadOnlyPref@CFileDialog@@QBAHXZ 00022504 f   uafxcwd:afxinl1.obj
 0001:00011584       ?SetTemplate@CFileDialog@@QAAXII@Z 00022584 f   uafxcwd:afxinl1.obj
 0001:000115c0       ?GetStartPosition@CFileDialog@@QBAPAU__POSITION@@XZ 000225c0 f   uafxcwd:afxinl1.obj
 0001:00011620       ?GetColor@CColorDialog@@QBAKXZ 00022620 f   uafxcwd:afxinl1.obj
 0001:00011674       ?IsTerminating@CFindReplaceDialog@@QBAHXZ 00022674 f   uafxcwd:afxinl1.obj
 0001:000116c4       ?GetReplaceString@CFindReplaceDialog@@QBA?AV?$CStringT@_WV?$StrTraitMFC@_WV?$ChTraitsOS@_W@ATL@@@@@ATL@@XZ 000226c4 f   uafxcwd:afxinl1.obj
 0001:00011718       ?GetFindString@CFindReplaceDialog@@QBA?AV?$CStringT@_WV?$StrTraitMFC@_WV?$ChTraitsOS@_W@ATL@@@@@ATL@@XZ 00022718 f   uafxcwd:afxinl1.obj
 0001:0001176c       ?SearchDown@CFindReplaceDialog@@QBAHXZ 0002276c f   uafxcwd:afxinl1.obj
 0001:000117bc       ?FindNext@CFindReplaceDialog@@QBAHXZ 000227bc f   uafxcwd:afxinl1.obj
 0001:0001180c       ?MatchCase@CFindReplaceDialog@@QBAHXZ 0002280c f   uafxcwd:afxinl1.obj
 0001:0001185c       ?MatchWholeWord@CFindReplaceDialog@@QBAHXZ 0002285c f   uafxcwd:afxinl1.obj
 0001:000118ac       ?ReplaceCurrent@CFindReplaceDialog@@QBAHXZ 000228ac f   uafxcwd:afxinl1.obj
 0001:000118fc       ?ReplaceAll@CFindReplaceDialog@@QBAHXZ 000228fc f   uafxcwd:afxinl1.obj
 0001:0001194c       ?MapDialogRect@CPropertySheet@@QBAXPAUtagRECT@@@Z 0002294c f   uafxcwd:afxinl1.obj
 0001:000119c0       ?GetPage@CPropertySheet@@QBAPAVCPropertyPage@@H@Z 000229c0 f   uafxcwd:afxinl1.obj
 0001:00011a84       ?GetTabControl@CPropertySheet@@QBAPAVCTabCtrl@@XZ 00022a84 f   uafxcwd:afxinl1.obj
 0001:00011b20       ?PressButton@CPropertySheet@@QAAXH@Z 00022b20 f   uafxcwd:afxinl1.obj
 0001:00011bc0       ?IsWizard@CPropertySheet@@QBAHXZ 00022bc0 f   uafxcwd:afxinl1.obj
 0001:00011be8       ?IsModeless@CPropertySheet@@QBAHXZ 00022be8 f   uafxcwd:afxinl1.obj
 0001:00011c18       ??0CCreateContext@@QAA@XZ  00022c18 f   uafxcwd:afxinl1.obj
 0001:00011c50       ?GetRowCount@CSplitterWnd@@QBAHXZ 00022c50 f   uafxcwd:afxinl1.obj
 0001:00011c80       ?GetColumnCount@CSplitterWnd@@QBAHXZ 00022c80 f   uafxcwd:afxinl1.obj
 0001:00011cb0       ?IsChildPane@CSplitterWnd@@QAAHPAVCWnd@@AAH1@Z 00022cb0 f   uafxcwd:afxinl1.obj
 0001:00011cfc       ?GetActivePane@CSplitterWnd@@IAAPAVCWnd@@AAH0@Z 00022cfc f   uafxcwd:afxinl1.obj
 0001:00011d48       ?IsTracking@CSplitterWnd@@QAAHXZ 00022d48 f   uafxcwd:afxinl1.obj
 0001:00011d78       ?GetCount@CControlBar@@QBAHXZ 00022d78 f   uafxcwd:afxinl1.obj
 0001:00011da8       ?GetBarStyle@CControlBar@@QAAKXZ 00022da8 f   uafxcwd:afxinl1.obj
 0001:00011dd8       ?SetBorders@CControlBar@@QAAXPBUtagRECT@@@Z 00022dd8 f   uafxcwd:afxinl1.obj
 0001:00011e2c       ?GetBorders@CControlBar@@QBA?AVCRect@@XZ 00022e2c f   uafxcwd:afxinl1.obj
 0001:00011e90       ?LoadToolBar@CToolBar@@QAAHI@Z 00022e90 f   uafxcwd:afxinl1.obj
 0001:00011ed4       ?LoadBitmapW@CToolBar@@QAAHI@Z 00022ed4 f   uafxcwd:afxinl1.obj
 0001:00011f18       ?GetToolBarCtrl@CToolBar@@QBAAAVCToolBarCtrl@@XZ 00022f18 f   uafxcwd:afxinl1.obj
 0001:00011f40       ?Create@CDialogBar@@UAAHPAVCWnd@@III@Z 00022f40 f   uafxcwd:afxinl1.obj
 0001:00011fa4       ?GetStatusBarCtrl@CStatusBar@@QBAAAVCStatusBarCtrl@@XZ 00022fa4 f   uafxcwd:afxinl1.obj
 0001:00011fcc       ?SetBorders@CStatusBar@@QAAXPBUtagRECT@@@Z 00022fcc f   uafxcwd:afxinl1.obj
 0001:00012020       ?SetBorders@CStatusBar@@QAAXHHHH@Z 00023020 f   uafxcwd:afxinl1.obj
 0001:00012088       ?GetReBarCtrl@CReBar@@QBAAAVCReBarCtrl@@XZ 00023088 f   uafxcwd:afxinl1.obj
 0001:000120b0       ?EnableDocking@CReBar@@QAAXK@Z 000230b0 f   uafxcwd:afxinl1.obj
 0001:000120f0       ??0CRectTracker@@QAA@XZ    000230f0 f   uafxcwd:afxinl1.obj
 0001:00012168       ??0CBitmapButton@@QAA@XZ   00023168 f   uafxcwd:afxinl1.obj
 0001:00012258       ?LoadBitmaps@CBitmapButton@@QAAHIIII@Z 00023258 f   uafxcwd:afxinl1.obj
 0001:000122c0       ?GetEditCtrl@CEditView@@QBAAAVCEdit@@XZ 000232c0 f   uafxcwd:afxinl1.obj
 0001:000122e8       ??_ECMemoryException@@UAAPAXI@Z 000232e8 f i uafxcwd:afxinl1.obj
 0001:000122e8       ??_GCMemoryException@@UAAPAXI@Z 000232e8 f i uafxcwd:afxinl1.obj
 0001:0001232c       ??_ECNotSupportedException@@UAAPAXI@Z 0002332c f i uafxcwd:afxinl1.obj
 0001:0001232c       ??_GCNotSupportedException@@UAAPAXI@Z 0002332c f i uafxcwd:afxinl1.obj
 0001:00012370       ??_GCInvalidArgException@@UAAPAXI@Z 00023370 f i uafxcwd:afxinl1.obj
 0001:00012370       ??_ECInvalidArgException@@UAAPAXI@Z 00023370 f i uafxcwd:afxinl1.obj
 0001:000123b4       ??_GCArchiveException@@UAAPAXI@Z 000233b4 f i uafxcwd:afxinl1.obj
 0001:000123b4       ??_ECArchiveException@@UAAPAXI@Z 000233b4 f i uafxcwd:afxinl1.obj
 0001:000123f8       ??_ECFileException@@UAAPAXI@Z 000233f8 f i uafxcwd:afxinl1.obj
 0001:000123f8       ??_GCFileException@@UAAPAXI@Z 000233f8 f i uafxcwd:afxinl1.obj
 0001:0001243c       ??_ECRectTracker@@UAAPAXI@Z 0002343c f i uafxcwd:afxinl1.obj
 0001:0001243c       ??_GCRectTracker@@UAAPAXI@Z 0002343c f i uafxcwd:afxinl1.obj
 0001:00012480       ??_ECBitmapButton@@UAAPAXI@Z 00023480 f i uafxcwd:afxinl1.obj
 0001:00012480       ??_GCBitmapButton@@UAAPAXI@Z 00023480 f i uafxcwd:afxinl1.obj
 0001:000124cc       ??1CBitmapButton@@UAA@XZ   000234cc f i uafxcwd:afxinl1.obj
 0001:00012588       ??A?$CArray@PAXPAX@@QBAABQAXH@Z 00023588 f i uafxcwd:afxinl1.obj
 0001:000125c0       ?GetAt@?$CArray@PAXPAX@@QBAABQAXH@Z 000235c0 f i uafxcwd:afxinl1.obj
 0001:00012678       ??_GCCommonDialog@@UAAPAXI@Z 00023678 f i uafxcwd:afxinl1.obj
 0001:00012678       ??_ECCommonDialog@@UAAPAXI@Z 00023678 f i uafxcwd:afxinl1.obj
 0001:000126bc       ??1CCommonDialog@@UAA@XZ   000236bc f i uafxcwd:afxinl1.obj
 0001:000126f0       ??0CCmdTarget@@QAA@XZ      000236f0 f   uafxcwd:cmdtarg.obj
 0001:00012804       ??1CCmdTarget@@UAA@XZ      00023804 f   uafxcwd:cmdtarg.obj
 0001:000128d0       ?_AfxDispatchCmdMsg@@YAHPAVCCmdTarget@@IHP81@AAXXZPAXIPAUAFX_CMDHANDLERINFO@@@Z 000238d0 f   uafxcwd:cmdtarg.obj
 0001:00013244       ?OnCmdMsg@CCmdTarget@@UAAHIHPAXPAUAFX_CMDHANDLERINFO@@@Z 00024244 f   uafxcwd:cmdtarg.obj
 0001:000135c8       ?IsInvokeAllowed@CCmdTarget@@UAAHJ@Z 000245c8 f   uafxcwd:cmdtarg.obj
 0001:000135f0       ?GetDispatchIID@CCmdTarget@@UAAHPAU_GUID@@@Z 000245f0 f   uafxcwd:cmdtarg.obj
 0001:00013618       ?GetTypeInfoCount@CCmdTarget@@UAAIXZ 00024618 f   uafxcwd:cmdtarg.obj
 0001:00013640       ?GetTypeLibCache@CCmdTarget@@UAAPAVCTypeLibCache@@XZ 00024640 f   uafxcwd:cmdtarg.obj
 0001:00013668       ?GetTypeLib@CCmdTarget@@UAAJKPAPAUITypeLib@@@Z 00024668 f   uafxcwd:cmdtarg.obj
 0001:00013694       ?BeginWaitCursor@CCmdTarget@@QAAXXZ 00024694 f   uafxcwd:cmdtarg.obj
 0001:000136e0       ?EndWaitCursor@CCmdTarget@@QAAXXZ 000246e0 f   uafxcwd:cmdtarg.obj
 0001:0001372c       ?RestoreWaitCursor@CCmdTarget@@QAAXXZ 0002472c f   uafxcwd:cmdtarg.obj
 0001:00013778       ?GetMessageMap@CCmdTarget@@MBAPBUAFX_MSGMAP@@XZ 00024778 f   uafxcwd:cmdtarg.obj
 0001:000137a8       ?GetThisMessageMap@CCmdTarget@@KAPBUAFX_MSGMAP@@XZ 000247a8 f   uafxcwd:cmdtarg.obj
 0001:000137c4       ?GetDispatchMap@CCmdTarget@@MBAPBUAFX_DISPMAP@@XZ 000247c4 f   uafxcwd:cmdtarg.obj
 0001:000137f0       ?GetEventSinkMap@CCmdTarget@@MBAPBUAFX_EVENTSINKMAP@@XZ 000247f0 f   uafxcwd:cmdtarg.obj
 0001:0001381c       ?GetInterfaceMap@CCmdTarget@@MBAPBUAFX_INTERFACEMAP@@XZ 0002481c f   uafxcwd:cmdtarg.obj
 0001:00013848       ?OnFinalRelease@CCmdTarget@@UAAXXZ 00024848 f   uafxcwd:cmdtarg.obj
 0001:00013904       ?OnCreateAggregates@CCmdTarget@@UAAHXZ 00024904 f   uafxcwd:cmdtarg.obj
 0001:0001392c       ?GetInterfaceHook@CCmdTarget@@UAAPAUIUnknown@@PBX@Z 0002492c f   uafxcwd:cmdtarg.obj
 0001:00013954       ?GetConnectionMap@CCmdTarget@@MBAPBUAFX_CONNECTIONMAP@@XZ 00024954 f   uafxcwd:cmdtarg.obj
 0001:00013980       ?GetConnectionHook@CCmdTarget@@MAAPAUIConnectionPoint@@ABU_GUID@@@Z 00024980 f   uafxcwd:cmdtarg.obj
 0001:000139a8       ?GetExtraConnectionPoints@CCmdTarget@@MAAHPAV?$CArray@PAXPAX@@@Z 000249a8 f   uafxcwd:cmdtarg.obj
 0001:000139d0       ?GetRoutingView@CCmdTarget@@IAAPAVCView@@XZ 000249d0 f   uafxcwd:cmdtarg.obj
 0001:00013a00       ?GetRoutingFrame@CCmdTarget@@IAAPAVCFrameWnd@@XZ 00024a00 f   uafxcwd:cmdtarg.obj
 0001:00013a30       ??0CCmdUI@@QAA@XZ          00024a30 f   uafxcwd:cmdtarg.obj
 0001:00013af8       ?Enable@CCmdUI@@UAAXH@Z    00024af8 f   uafxcwd:cmdtarg.obj
 0001:00013cf8       ?SetCheck@CCmdUI@@UAAXH@Z  00024cf8 f   uafxcwd:cmdtarg.obj
 0001:00013ec4       ?SetRadio@CCmdUI@@UAAXH@Z  00024ec4 f   uafxcwd:cmdtarg.obj
 0001:00014050       ?SetText@CCmdUI@@UAAXPB_W@Z 00025050 f   uafxcwd:cmdtarg.obj
 0001:00014300       ?DoUpdate@CCmdUI@@QAAHPAVCCmdTarget@@H@Z 00025300 f   uafxcwd:cmdtarg.obj
 0001:00014518       ?AssertValid@CCmdTarget@@UBAXXZ 00025518 f   uafxcwd:cmdtarg.obj
 0001:00014534       ?GetRuntimeClass@CCmdTarget@@UBAPAUCRuntimeClass@@XZ 00025534 f   uafxcwd:cmdtarg.obj
 0001:00014568       ?_AfxThreadEntry@@YAIPAX@Z 00025568 f   uafxcwd:thrdcore.obj
 0001:00014ac8       ?AfxGetThread@@YAPAVCWinThread@@XZ 00025ac8 f   uafxcwd:thrdcore.obj
 0001:00014b08       ?AfxGetCurrentMessage@@YAPAUtagMSG@@XZ 00025b08 f   uafxcwd:thrdcore.obj
 0001:00014b6c       ?AfxInternalPumpMessage@@YAHXZ 00025b6c f   uafxcwd:thrdcore.obj
 0001:00014d04       ?AfxPumpMessage@@YAHXZ     00025d04 f   uafxcwd:thrdcore.obj
 0001:00014d78       ?AfxInternalProcessWndProcException@@YAJPAVCException@@PBUtagMSG@@@Z 00025d78 f   uafxcwd:thrdcore.obj
 0001:00014df4       ?AfxProcessWndProcException@@YAJPAVCException@@PBUtagMSG@@@Z 00025df4 f   uafxcwd:thrdcore.obj
 0001:00014e80       ?AfxInternalPreTranslateMessage@@YAHPAUtagMSG@@@Z 00025e80 f   uafxcwd:thrdcore.obj
 0001:00014fb0       ?AfxPreTranslateMessage@@YAHPAUtagMSG@@@Z 00025fb0 f   uafxcwd:thrdcore.obj
 0001:00015034       ?AfxInternalIsIdleMessage@@YAHPAUtagMSG@@@Z 00026034 f   uafxcwd:thrdcore.obj
 0001:00015098       ?AfxIsIdleMessage@@YAHPAUtagMSG@@@Z 00026098 f   uafxcwd:thrdcore.obj
 0001:00015124       ?AfxBeginThread@@YAPAVCWinThread@@P6AIPAX@Z0HIKPAU_SECURITY_ATTRIBUTES@@@Z 00026124 f   uafxcwd:thrdcore.obj
 0001:000152e4       ?AfxBeginThread@@YAPAVCWinThread@@PAUCRuntimeClass@@HIKPAU_SECURITY_ATTRIBUTES@@@Z 000262e4 f   uafxcwd:thrdcore.obj
 0001:000154e8       ?AfxEndThread@@YAXIH@Z     000264e8 f   uafxcwd:thrdcore.obj
 0001:000155fc       ?AfxInitThread@@YAXXZ      000265fc f   uafxcwd:thrdcore.obj
 0001:00015620       ?AfxTermThread@@YAXPAUHINSTANCE__@@@Z 00026620 f   uafxcwd:thrdcore.obj
 0001:00015754       ??0CWinThread@@QAA@P6AIPAX@Z0@Z 00026754 f   uafxcwd:thrdcore.obj
 0001:000157e0       ??0CWinThread@@QAA@XZ      000267e0 f   uafxcwd:thrdcore.obj
 0001:00015864       ?CommonConstruct@CWinThread@@QAAXXZ 00026864 f   uafxcwd:thrdcore.obj
 0001:00015934       ??1CWinThread@@UAA@XZ      00026934 f   uafxcwd:thrdcore.obj
 0001:000159dc       ?CreateThread@CWinThread@@QAAHKIPAU_SECURITY_ATTRIBUTES@@@Z 000269dc f   uafxcwd:thrdcore.obj
 0001:00015d4c       ?Delete@CWinThread@@UAAXXZ 00026d4c f   uafxcwd:thrdcore.obj
 0001:00015dd0       ?InitInstance@CWinThread@@UAAHXZ 00026dd0 f   uafxcwd:thrdcore.obj
 0001:00015e10       ?Run@CWinThread@@UAAHXZ    00026e10 f   uafxcwd:thrdcore.obj
 0001:00015fc4       ?IsIdleMessage@CWinThread@@UAAHPAUtagMSG@@@Z 00026fc4 f   uafxcwd:thrdcore.obj
 0001:00015ff8       ?ExitInstance@CWinThread@@UAAHXZ 00026ff8 f   uafxcwd:thrdcore.obj
 0001:00016090       ?OnIdle@CWinThread@@UAAHJ@Z 00027090 f   uafxcwd:thrdcore.obj
 0001:0001633c       ?DispatchThreadMessage@CWinThread@@IAAXPAUtagMSG@@@Z 0002733c f   uafxcwd:thrdcore.obj
 0001:0001635c       ?DispatchThreadMessageEx@CWinThread@@IAAHPAUtagMSG@@@Z 0002735c f   uafxcwd:thrdcore.obj
 0001:00016584       ?PreTranslateMessage@CWinThread@@UAAHPAUtagMSG@@@Z 00027584 f   uafxcwd:thrdcore.obj
 0001:000165d0       ?ProcessWndProcException@CWinThread@@UAAJPAVCException@@PBUtagMSG@@@Z 000275d0 f   uafxcwd:thrdcore.obj
 0001:00016608       ?IsHelpKey@@YAHPAUtagMSG@@@Z 00027608 f   uafxcwd:thrdcore.obj
 0001:000166d4       ?GetMainWnd@CWinThread@@UAAPAVCWnd@@XZ 000276d4 f   uafxcwd:thrdcore.obj
 0001:00016754       ?PumpMessage@CWinThread@@UAAHXZ 00027754 f   uafxcwd:thrdcore.obj
 0001:00016784       ?AssertValid@CWinThread@@UBAXXZ 00027784 f   uafxcwd:thrdcore.obj
 0001:000167a0       ?GetRuntimeClass@CWinThread@@UBAPAUCRuntimeClass@@XZ 000277a0 f   uafxcwd:thrdcore.obj
 0001:000167cc       SetEvent                   000277cc f i uafxcwd:thrdcore.obj
 0001:00016804       ??_ECWinThread@@UAAPAXI@Z  00027804 f i uafxcwd:thrdcore.obj
 0001:00016804       ??_GCWinThread@@UAAPAXI@Z  00027804 f i uafxcwd:thrdcore.obj
 0001:00016848       ?IsEnterKey@@YAHPAUtagMSG@@@Z 00027848 f i uafxcwd:thrdcore.obj
 0001:000168ac       ?IsButtonUp@@YAHPAUtagMSG@@@Z 000278ac f i uafxcwd:thrdcore.obj
 0001:00016904       ??B?$CTypedSimpleList@PAVCFrameWnd@@@@QAAPAVCFrameWnd@@XZ 00027904 f i uafxcwd:thrdcore.obj
 0001:00016938       ?GetHead@CSimpleList@@QBAPAXXZ 00027938 f i uafxcwd:thrdcore.obj
 0001:0001696c       ?ProcessShellCommand@CWinApp@@QAAHAAVCCommandLineInfo@@@Z 0002796c f   uafxcwd:appui2.obj
 0001:00016cac       ?InitLibId@CWinApp@@UAAXXZ 00027cac f   uafxcwd:appui2.obj
 0001:00016cc0       ?Register@CWinApp@@UAAHXZ  00027cc0 f   uafxcwd:appui2.obj
 0001:00016cf0       ?Unregister@CWinApp@@UAAHXZ 00027cf0 f   uafxcwd:appui2.obj
 0001:00016fe0       ?DelRegTree@CWinApp@@QAAJPAUHKEY__@@ABV?$CStringT@_WV?$StrTraitMFC@_WV?$ChTraitsOS@_W@ATL@@@@@ATL@@@Z 00027fe0 f   uafxcwd:appui2.obj
 0001:00017020       ?AfxDelRegTreeHelper@@YAJPAUHKEY__@@ABV?$CStringT@_WV?$StrTraitMFC@_WV?$ChTraitsOS@_W@ATL@@@@@ATL@@@Z 00028020 f   uafxcwd:appui2.obj
 0001:00017244       ?GetOpenDocumentCount@CWinApp@@QAAHXZ 00028244 f   uafxcwd:appui2.obj
 0001:00017318       ?AddDocTemplate@CWinApp@@QAAXPAVCDocTemplate@@@Z 00028318 f   uafxcwd:appui2.obj
 0001:000173e8       ?GetFirstDocTemplatePosition@CWinApp@@QBAPAU__POSITION@@XZ 000283e8 f   uafxcwd:appui2.obj
 0001:00017460       ?GetNextDocTemplate@CWinApp@@QBAPAVCDocTemplate@@AAPAU__POSITION@@@Z 00028460 f   uafxcwd:appui2.obj
 0001:00017538       ??HATL@@YA?AV?$CStringT@_WV?$StrTraitMFC@_WV?$ChTraitsOS@_W@ATL@@@@@0@ABV10@PB_W@Z 00028538 f i uafxcwd:appui2.obj
 0001:00017608       ?Concatenate@?$CSimpleStringT@_W$0A@@ATL@@KAXAAV12@PB_WH1H@Z 00028608 f i uafxcwd:appui2.obj
 0001:00017690       ??0?$CStringT@_WV?$StrTraitMFC@_WV?$ChTraitsOS@_W@ATL@@@@@ATL@@QAA@PAUIAtlStringMgr@1@@Z 00028690 f i uafxcwd:appui2.obj
 0001:000176c8       ?OnAppExit@CWinApp@@IAAXXZ 000286c8 f   uafxcwd:appui.obj
 0001:00017738       ?HideApplication@CWinApp@@QAAXXZ 00028738 f   uafxcwd:appui.obj
 0001:000177bc       ?DoWaitCursor@CWinApp@@UAAXH@Z 000287bc f   uafxcwd:appui.obj
 0001:00017978       ?SaveAllModified@CWinApp@@UAAHXZ 00028978 f   uafxcwd:appui.obj
 0001:000179f0       ?OpenDocumentFile@CWinApp@@UAAPAVCDocument@@PB_W@Z 000289f0 f   uafxcwd:appui.obj
 0001:00017a80       ?CloseAllDocuments@CWinApp@@QAAXH@Z 00028a80 f   uafxcwd:appui.obj
 0001:00017ad8       ?EnableModeless@CWinApp@@QAAXH@Z 00028ad8 f   uafxcwd:appui1.obj
 0001:00017af4       ?DoEnableModeless@CWinApp@@SAXH@Z 00028af4 f   uafxcwd:appui1.obj
 0001:00017b4c       ?DoMessageBox@CWinApp@@UAAHPB_WII@Z 00028b4c f   uafxcwd:appui1.obj
 0001:00017b8c       ?ShowAppMessageBox@CWinApp@@SAHPAV1@PB_WII@Z 00028b8c f   uafxcwd:appui1.obj
 0001:00017d6c       ?AfxMessageBox@@YAHPB_WII@Z 00028d6c f   uafxcwd:appui1.obj
 0001:00017e0c       ?AfxMessageBox@@YAHIII@Z   00028e0c f   uafxcwd:appui1.obj
 0001:00017f2c       ?GetSafeOwner_@CWnd@@SAPAUHWND__@@PAU2@PAPAU2@@Z 00028f2c f   uafxcwd:appui1.obj
 0001:000180d0       ?GetRoutingView_@CCmdTarget@@KAPAVCView@@XZ 000290d0 f   uafxcwd:appui1.obj
 0001:00018108       ?GetRoutingFrame_@CCmdTarget@@KAPAVCFrameWnd@@XZ 00029108 f   uafxcwd:appui1.obj
 0001:00018140       ?GetLastActivePopup@ATL@@YAPAUHWND__@@PAU2@@Z 00029140 f i uafxcwd:appui1.obj
 0001:00018170       ??2CObject@@SAPAXI@Z       00029170 f   uafxcwd:afxmem.obj
 0001:000181a4       ??3CObject@@SAXPAX@Z       000291a4 f   uafxcwd:afxmem.obj
 0001:000181c0       ??3CObject@@SAXPAX0@Z      000291c0 f   uafxcwd:afxmem.obj
 0001:000181dc       ?AfxNewHandler@@YAHI@Z     000291dc f   uafxcwd:afxmem.obj
 0001:000181f4       ?AfxGetNewHandler@@YAP6AHI@ZXZ 000291f4 f   uafxcwd:afxmem.obj
 0001:00018214       ?AfxSetNewHandler@@YAP6AHI@ZP6AHI@Z@Z 00029214 f   uafxcwd:afxmem.obj
 0001:00018258       ??2@YAPAXIHPBDH@Z          00029258 f   uafxcwd:afxmem.obj
 0001:0001828c       ??3@YAXPAXHPBDH@Z          0002928c f   uafxcwd:afxmem.obj
 0001:000182a8       ??_U@YAPAXIHPBDH@Z         000292a8 f   uafxcwd:afxmem.obj
 0001:000182e8       ??_V@YAXPAXHPBDH@Z         000292e8 f   uafxcwd:afxmem.obj
 0001:00018310       ?SkipThisOrdinalOrSz@@YAPA_WPA_W@Z 00029310 f   uafxcwd:dlgprop.obj
 0001:00018374       ?_AfxCloneDialogTemplate@@YA_NAAPAUDLGTEMPLATE@@PBU1@@Z 00029374 f   uafxcwd:dlgprop.obj
 0001:00018594       ?AfxPropPageCallback@@YAIPAUHWND__@@IPAU_PROPSHEETPAGEW@@@Z 00029594 f   uafxcwd:dlgprop.obj
 0001:00018708       ?GetMessageMap@CPropertyPage@@MBAPBUAFX_MSGMAP@@XZ 00029708 f   uafxcwd:dlgprop.obj
 0001:00018738       ?GetThisMessageMap@CPropertyPage@@KAPBUAFX_MSGMAP@@XZ 00029738 f   uafxcwd:dlgprop.obj
 0001:00018754       ?GetPSP@CPropertyPage@@QBAABU_PROPSHEETPAGEW@@XZ 00029754 f   uafxcwd:dlgprop.obj
 0001:00018784       ?GetPSP@CPropertyPage@@QAAAAU_PROPSHEETPAGEW@@XZ 00029784 f   uafxcwd:dlgprop.obj
 0001:000187b4       ?AllocPSP@CPropertyPage@@IAAXK@Z 000297b4 f   uafxcwd:dlgprop.obj
 0001:00018888       ??0CPropertyPage@@QAA@IIK@Z 00029888 f   uafxcwd:dlgprop.obj
 0001:000189cc       ??0CPropertyPage@@QAA@PB_WIK@Z 000299cc f   uafxcwd:dlgprop.obj
 0001:00018b44       ?Construct@CPropertyPage@@QAAXII@Z 00029b44 f   uafxcwd:dlgprop.obj
 0001:00018bac       ?Construct@CPropertyPage@@QAAXPB_WI@Z 00029bac f   uafxcwd:dlgprop.obj
 0001:00018c68       ??0CPropertyPage@@QAA@XZ   00029c68 f   uafxcwd:dlgprop.obj
 0001:00018d64       ?CommonConstruct@CPropertyPage@@IAAXPB_WI@Z 00029d64 f   uafxcwd:dlgprop.obj
 0001:00018f8c       ??0CPropertyPage@@QAA@IIIIK@Z 00029f8c f   uafxcwd:dlgprop.obj
 0001:000190f8       ??0CPropertyPage@@QAA@PB_WIIIK@Z 0002a0f8 f   uafxcwd:dlgprop.obj
 0001:00019264       ?Construct@CPropertyPage@@QAAXIIII@Z 0002a264 f   uafxcwd:dlgprop.obj
 0001:000192d4       ?Construct@CPropertyPage@@QAAXPB_WIII@Z 0002a2d4 f   uafxcwd:dlgprop.obj
 0001:000193a0       ?CommonConstruct@CPropertyPage@@IAAXPB_WIII@Z 0002a3a0 f   uafxcwd:dlgprop.obj
 0001:0001947c       ??1CPropertyPage@@UAA@XZ   0002a47c f   uafxcwd:dlgprop.obj
 0001:00019578       ?Cleanup@CPropertyPage@@IAAXXZ 0002a578 f   uafxcwd:dlgprop.obj
 0001:0001961c       ?_AfxChangePropPageFont@@YAPAUDLGTEMPLATE@@PBU1@H@Z 0002a61c f   uafxcwd:dlgprop.obj
 0001:000197ac       ?InitDialogInfo@CPropertyPage@@IAAPBUDLGTEMPLATE@@PBU2@@Z 0002a7ac f   uafxcwd:dlgprop.obj
 0001:00019840       ?PreProcessPageTemplate@CPropertyPage@@IAAXAAU_PROPSHEETPAGEW@@H@Z 0002a840 f   uafxcwd:dlgprop.obj
 0001:00019974       ?CancelToClose@CPropertyPage@@QAAXXZ 0002a974 f   uafxcwd:dlgprop.obj
 0001:00019a3c       ?SetModified@CPropertyPage@@QAAXH@Z 0002aa3c f   uafxcwd:dlgprop.obj
 0001:00019b58       ?QuerySiblings@CPropertyPage@@QAAJIJ@Z 0002ab58 f   uafxcwd:dlgprop.obj
 0001:00019c2c       ?OnApply@CPropertyPage@@UAAHXZ 0002ac2c f   uafxcwd:dlgprop.obj
 0001:00019c84       ?OnReset@CPropertyPage@@UAAXXZ 0002ac84 f   uafxcwd:dlgprop.obj
 0001:00019cc8       ?OnOK@CPropertyPage@@UAAXXZ 0002acc8 f   uafxcwd:dlgprop.obj
 0001:00019cf4       ?OnCancel@CPropertyPage@@UAAXXZ 0002acf4 f   uafxcwd:dlgprop.obj
 0001:00019d1c       ?OnSetActive@CPropertyPage@@UAAHXZ 0002ad1c f   uafxcwd:dlgprop.obj
 0001:00019d90       ?OnKillActive@CPropertyPage@@UAAHXZ 0002ad90 f   uafxcwd:dlgprop.obj
 0001:00019e34       ?OnQueryCancel@CPropertyPage@@UAAHXZ 0002ae34 f   uafxcwd:dlgprop.obj
 0001:00019e5c       ?IsButtonEnabled@CPropertyPage@@IAAHH@Z 0002ae5c f   uafxcwd:dlgprop.obj
 0001:00019ed4       ?OnNotify@CPropertyPage@@MAAHIJPAJ@Z 0002aed4 f   uafxcwd:dlgprop.obj
 0001:0001a214       ?PreTranslateMessage@CPropertyPage@@MAAHPAUtagMSG@@@Z 0002b214 f   uafxcwd:dlgprop.obj
 0001:0001a280       ?OnCtlColor@CPropertyPage@@IAAPAUHBRUSH__@@PAVCDC@@PAVCWnd@@I@Z 0002b280 f   uafxcwd:dlgprop.obj
 0001:0001a2e8       ?AssertValid@CPropertyPage@@UBAXXZ 0002b2e8 f   uafxcwd:dlgprop.obj
 0001:0001a3e8       ?EndDialog@CPropertyPage@@QAAXH@Z 0002b3e8 f   uafxcwd:dlgprop.obj
 0001:0001a444       ?GetMessageMap@CPropertySheet@@MBAPBUAFX_MSGMAP@@XZ 0002b444 f   uafxcwd:dlgprop.obj
 0001:0001a474       ?GetThisMessageMap@CPropertySheet@@KAPBUAFX_MSGMAP@@XZ 0002b474 f   uafxcwd:dlgprop.obj
 0001:0001a490       ?OnSetDefID@CPropertySheet@@IAAJIJ@Z 0002b490 f   uafxcwd:dlgprop.obj
 0001:0001a658       ??0CPropertySheet@@QAA@XZ  0002b658 f   uafxcwd:dlgprop.obj
 0001:0001a724       ??0CPropertySheet@@QAA@IPAVCWnd@@I@Z 0002b724 f   uafxcwd:dlgprop.obj
 0001:0001a86c       ??0CPropertySheet@@QAA@PB_WPAVCWnd@@I@Z 0002b86c f   uafxcwd:dlgprop.obj
 0001:0001a9bc       ?Construct@CPropertySheet@@QAAXIPAVCWnd@@I@Z 0002b9bc f   uafxcwd:dlgprop.obj
 0001:0001aa64       ?Construct@CPropertySheet@@QAAXPB_WPAVCWnd@@I@Z 0002ba64 f   uafxcwd:dlgprop.obj
 0001:0001ab18       ?CommonConstruct@CPropertySheet@@QAAXPAVCWnd@@I@Z 0002bb18 f   uafxcwd:dlgprop.obj
 0001:0001ac68       ??0CPropertySheet@@QAA@IPAVCWnd@@IPAUHBITMAP__@@PAUHPALETTE__@@1@Z 0002bc68 f   uafxcwd:dlgprop.obj
 0001:0001add8       ??0CPropertySheet@@QAA@PB_WPAVCWnd@@IPAUHBITMAP__@@PAUHPALETTE__@@2@Z 0002bdd8 f   uafxcwd:dlgprop.obj
 0001:0001af54       ?Construct@CPropertySheet@@QAAXIPAVCWnd@@IPAUHBITMAP__@@PAUHPALETTE__@@1@Z 0002bf54 f   uafxcwd:dlgprop.obj
 0001:0001b00c       ?Construct@CPropertySheet@@QAAXPB_WPAVCWnd@@IPAUHBITMAP__@@PAUHPALETTE__@@2@Z 0002c00c f   uafxcwd:dlgprop.obj
 0001:0001b0d8       ?CommonConstruct@CPropertySheet@@QAAXPAVCWnd@@IPAUHBITMAP__@@PAUHPALETTE__@@1@Z 0002c0d8 f   uafxcwd:dlgprop.obj
 0001:0001b0fc       ?EnableStackedTabs@CPropertySheet@@QAAXH@Z 0002c0fc f   uafxcwd:dlgprop.obj
 0001:0001b120       ?SetTitle@CPropertySheet@@QAAXPB_WI@Z 0002c120 f   uafxcwd:dlgprop.obj
 0001:0001b26c       ??1CPropertySheet@@UAA@XZ  0002c26c f   uafxcwd:dlgprop.obj
 0001:0001b2dc       ?PreTranslateMessage@CPropertySheet@@UAAHPAUtagMSG@@@Z 0002c2dc f   uafxcwd:dlgprop.obj
 0001:0001b448       ?OnCmdMsg@CPropertySheet@@UAAHIHPAXPAUAFX_CMDHANDLERINFO@@@Z 0002c448 f   uafxcwd:dlgprop.obj
 0001:0001b6f4       ?GetActivePage@CPropertySheet@@QBAPAVCPropertyPage@@XZ 0002c6f4 f   uafxcwd:dlgprop.obj
 0001:0001b7bc       ?ContinueModal@CPropertySheet@@UAAHXZ 0002c7bc f   uafxcwd:dlgprop.obj
 0001:0001b894       ?DoModal@CPropertySheet@@UAAHXZ 0002c894 f   uafxcwd:dlgprop.obj
 0001:0001c004       ?AfxPropSheetCallback@@YAHPAUHWND__@@IJ@Z 0002d004 f   uafxcwd:dlgprop.obj
 0001:0001c1dc       ?Create@CPropertySheet@@UAAHPAVCWnd@@KK@Z 0002d1dc f   uafxcwd:dlgprop.obj
 0001:0001c54c       ?BuildPropPageArray@CPropertySheet@@UAAXXZ 0002d54c f   uafxcwd:dlgprop.obj
 0001:0001c820       ?GetPageCount@CPropertySheet@@QBAHXZ 0002d820 f   uafxcwd:dlgprop.obj
 0001:0001c91c       ?GetActiveIndex@CPropertySheet@@QBAHXZ 0002d91c f   uafxcwd:dlgprop.obj
 0001:0001c9f8       ?SetActivePage@CPropertySheet@@QAAHH@Z 0002d9f8 f   uafxcwd:dlgprop.obj
 0001:0001ca6c       ?GetPageIndex@CPropertySheet@@QAAHPAVCPropertyPage@@@Z 0002da6c f   uafxcwd:dlgprop.obj
 0001:0001caf8       ?SetActivePage@CPropertySheet@@QAAHPAVCPropertyPage@@@Z 0002daf8 f   uafxcwd:dlgprop.obj
 0001:0001cc08       ?_AfxAdjustPropertySheetSize@@YAXPAVCPropertySheet@@@Z 0002dc08 f   uafxcwd:dlgprop.obj
 0001:0001d01c       ?AddPage@CPropertySheet@@QAAXPAVCPropertyPage@@@Z 0002e01c f   uafxcwd:dlgprop.obj
 0001:0001d3ec       ?RemovePage@CPropertySheet@@QAAXPAVCPropertyPage@@@Z 0002e3ec f   uafxcwd:dlgprop.obj
 0001:0001d4e8       ?RemovePage@CPropertySheet@@QAAXH@Z 0002e4e8 f   uafxcwd:dlgprop.obj
 0001:0001d554       ?EndDialog@CPropertySheet@@QAAXH@Z 0002e554 f   uafxcwd:dlgprop.obj
 0001:0001d5d4       ?OnClose@CPropertySheet@@IAAXXZ 0002e5d4 f   uafxcwd:dlgprop.obj
 0001:0001d634       ?OnKickIdle@CPropertySheet@@IAAJIJ@Z 0002e634 f   uafxcwd:dlgprop.obj
 0001:0001d6d8       ?OnSysCommand@CPropertySheet@@IAAXIJ@Z 0002e6d8 f   uafxcwd:dlgprop.obj
 0001:0001d754       ?OnInitDialog@CPropertySheet@@UAAHXZ 0002e754 f   uafxcwd:dlgprop.obj
 0001:0001d800       ?HandleInitDialog@CPropertySheet@@IAAJIJ@Z 0002e800 f   uafxcwd:dlgprop.obj
 0001:0001d850       ?OnCommand@CPropertySheet@@UAAHIJ@Z 0002e850 f   uafxcwd:dlgprop.obj
 0001:0001da14       ?OnCtlColor@CPropertySheet@@IAAPAUHBRUSH__@@PAVCDC@@PAVCWnd@@I@Z 0002ea14 f   uafxcwd:dlgprop.obj
 0001:0001dae8       ?AssertValid@CPropertySheet@@UBAXXZ 0002eae8 f   uafxcwd:dlgprop.obj
 0001:0001dbac       ?GetRuntimeClass@CPropertyPage@@UBAPAUCRuntimeClass@@XZ 0002ebac f   uafxcwd:dlgprop.obj
 0001:0001dbd8       ?GetRuntimeClass@CPropertySheet@@UBAPAUCRuntimeClass@@XZ 0002ebd8 f   uafxcwd:dlgprop.obj
 0001:0001dc04       ?SkipThisSz@@YAPA_WPA_W@Z  0002ec04 f i uafxcwd:dlgprop.obj
 0001:0001dc4c       ??_ECPropertyPage@@UAAPAXI@Z 0002ec4c f i uafxcwd:dlgprop.obj
 0001:0001dc4c       ??_GCPropertyPage@@UAAPAXI@Z 0002ec4c f i uafxcwd:dlgprop.obj
 0001:0001dc90       ??_ECPropertySheet@@UAAPAXI@Z 0002ec90 f i uafxcwd:dlgprop.obj
 0001:0001dc90       ??_GCPropertySheet@@UAAPAXI@Z 0002ec90 f i uafxcwd:dlgprop.obj
 0001:0001dcd4       ??9ATL@@YA_NABV?$CStringT@_WV?$StrTraitMFC@_WV?$ChTraitsOS@_W@ATL@@@@@0@0@Z 0002ecd4 f i uafxcwd:dlgprop.obj
 0001:0001dd3c       ?Compare@?$CStringT@_WV?$StrTraitMFC@_WV?$ChTraitsOS@_W@ATL@@@@@ATL@@QBAHPB_W@Z 0002ed3c f i uafxcwd:dlgprop.obj
 0001:0001de18       ??0?$CArray@PAXPAX@@QAA@XZ 0002ee18 f i uafxcwd:dlgprop.obj
 0001:0001de9c       ?GetSize@?$CArray@PAXPAX@@QBAHXZ 0002ee9c f i uafxcwd:dlgprop.obj
 0001:0001decc       ?Add@?$CArray@PAXPAX@@QAAHPAX@Z 0002eecc f i uafxcwd:dlgprop.obj
 0001:0001df14       ?RemoveAt@?$CArray@PAXPAX@@QAAXHH@Z 0002ef14 f i uafxcwd:dlgprop.obj
 0001:0001e134       ?memcpy_s@Checked@ATL@@YAXPAXIPBXI@Z 0002f134 f i uafxcwd:dlgprop.obj
 0001:0001e170       ?memmove_s@Checked@ATL@@YAXPAXIPBXI@Z 0002f170 f i uafxcwd:dlgprop.obj
 0001:0001e1ac       ?SetAtGrow@?$CArray@PAXPAX@@QAAXHPAX@Z 0002f1ac f i uafxcwd:dlgprop.obj
 0001:0001e274       ?SetSize@?$CArray@PAXPAX@@QAAXHH@Z 0002f274 f i uafxcwd:dlgprop.obj
 0001:0001e954       ??2@YAPAXIPAX@Z            0002f954 f i uafxcwd:dlgprop.obj
 0001:0001e97c       ?StringCompare@?$ChTraitsOS@_W@ATL@@SAHPB_W0@Z 0002f97c f i uafxcwd:dlgprop.obj
 0001:0001e9b4       ?AfxCreatePropertySheetPageW@@YAPAU_PSP@@PBU_PROPSHEETPAGEW@@@Z 0002f9b4 f i uafxcwd:dlgprop.obj
 0001:0001e9fc       ?_CreatePropertySheetPageW@CComCtlWrapper@@QAAPAU_PSP@@PBU_PROPSHEETPAGEW@@@Z 0002f9fc f i uafxcwd:dlgprop.obj
 0001:0001ead0       ??BCreatePropertySheetPageW_Type@CComCtlWrapper@@QAAP6APAU_PSP@@PBU_PROPSHEETPAGEW@@@ZXZ 0002fad0 f i uafxcwd:dlgprop.obj
 0001:0001eafc       ?GetProcAddress_CreatePropertySheetPageW@CComCtlWrapper@@QAA?AUCreatePropertySheetPageW_Type@1@XZ 0002fafc f i uafxcwd:dlgprop.obj
 0001:0001eb84       ?GetModuleHandleW@CComCtlWrapper@@QAAPAUHINSTANCE__@@XZ 0002fb84 f i uafxcwd:dlgprop.obj
 0001:0001ec54       ??4CreatePropertySheetPageW_Type@CComCtlWrapper@@QAAXP6APAU_PSP@@PBU_PROPSHEETPAGEW@@@Z@Z 0002fc54 f i uafxcwd:dlgprop.obj
 0001:0001ec74       ??7CreatePropertySheetPageW_Type@CComCtlWrapper@@QBA_NXZ 0002fc74 f i uafxcwd:dlgprop.obj
 0001:0001ecc4       ?AfxDestroyPropertySheetPage@@YAHPAU_PSP@@@Z 0002fcc4 f i uafxcwd:dlgprop.obj
 0001:0001ed0c       ?_DestroyPropertySheetPage@CComCtlWrapper@@QAAHPAU_PSP@@@Z 0002fd0c f i uafxcwd:dlgprop.obj
 0001:0001ede0       ??BDestroyPropertySheetPage_Type@CComCtlWrapper@@QAAP6AHPAU_PSP@@@ZXZ 0002fde0 f i uafxcwd:dlgprop.obj
 0001:0001ee0c       ?GetProcAddress_DestroyPropertySheetPage@CComCtlWrapper@@QAA?AUDestroyPropertySheetPage_Type@1@XZ 0002fe0c f i uafxcwd:dlgprop.obj
 0001:0001ee94       ??4DestroyPropertySheetPage_Type@CComCtlWrapper@@QAAXP6AHPAU_PSP@@@Z@Z 0002fe94 f i uafxcwd:dlgprop.obj
 0001:0001eeb4       ??7DestroyPropertySheetPage_Type@CComCtlWrapper@@QBA_NXZ 0002feb4 f i uafxcwd:dlgprop.obj
 0001:0001ef04       ?AfxPropertySheetW@@YAHPBU_PROPSHEETHEADERW@@@Z 0002ff04 f i uafxcwd:dlgprop.obj
 0001:0001ef4c       ?_PropertySheetW@CComCtlWrapper@@QAAHPBU_PROPSHEETHEADERW@@@Z 0002ff4c f i uafxcwd:dlgprop.obj
 0001:0001f020       ??BPropertySheetW_Type@CComCtlWrapper@@QAAP6AHPBU_PROPSHEETHEADERW@@@ZXZ 00030020 f i uafxcwd:dlgprop.obj
 0001:0001f04c       ?GetProcAddress_PropertySheetW@CComCtlWrapper@@QAA?AUPropertySheetW_Type@1@XZ 0003004c f i uafxcwd:dlgprop.obj
 0001:0001f0d4       ??4PropertySheetW_Type@CComCtlWrapper@@QAAXP6AHPBU_PROPSHEETHEADERW@@@Z@Z 000300d4 f i uafxcwd:dlgprop.obj
 0001:0001f0f4       ??7PropertySheetW_Type@CComCtlWrapper@@QBA_NXZ 000300f4 f i uafxcwd:dlgprop.obj
 0001:0001f14c       ??1?$CArray@PAXPAX@@UAA@XZ 0003014c f i uafxcwd:dlgprop.obj
 0001:0001f20c       ?Serialize@?$CArray@PAXPAX@@UAAXAAVCArchive@@@Z 0003020c f i uafxcwd:dlgprop.obj
 0001:0001f2c0       ??$SerializeElements@PAX@@YAXAAVCArchive@@PAPAXH@Z 000302c0 f i uafxcwd:dlgprop.obj
 0001:0001f4d4       ?AssertValid@?$CArray@PAXPAX@@UBAXXZ 000304d4 f i uafxcwd:dlgprop.obj
 0001:0001f6a0       ??_G?$CArray@PAXPAX@@UAAPAXI@Z 000306a0 f i uafxcwd:dlgprop.obj
 0001:0001f6a0       ??_E?$CArray@PAXPAX@@UAAPAXI@Z 000306a0 f i uafxcwd:dlgprop.obj
 0001:0001f6e4       ?SetRegistryKey@CWinApp@@IAAXPB_W@Z 000306e4 f   uafxcwd:appui3.obj
 0001:0001f808       ?SetRegistryKey@CWinApp@@IAAXI@Z 00030808 f   uafxcwd:appui3.obj
 0001:0001f8c4       ?GetAppRegistryKey@CWinApp@@QAAPAUHKEY__@@XZ 000308c4 f   uafxcwd:appui3.obj
 0001:0001faf4       ?GetSectionKey@CWinApp@@QAAPAUHKEY__@@PB_W@Z 00030af4 f   uafxcwd:appui3.obj
 0001:0001fbc8       ?GetProfileInt@CWinApp@@QAAIPB_W0H@Z 00030bc8 f   uafxcwd:appui3.obj
 0001:0001fd60       ?GetProfileString@CWinApp@@QAA?AV?$CStringT@_WV?$StrTraitMFC@_WV?$ChTraitsOS@_W@ATL@@@@@ATL@@PB_W00@Z 00030d60 f   uafxcwd:appui3.obj
 0001:00020028       ?GetProfileBinary@CWinApp@@QAAHPB_W0PAPAEPAI@Z 00031028 f   uafxcwd:appui3.obj
 0001:00020528       ?WriteProfileInt@CWinApp@@QAAHPB_W0H@Z 00031528 f   uafxcwd:appui3.obj
 0001:00020660       ?WriteProfileString@CWinApp@@QAAHPB_W00@Z 00031660 f   uafxcwd:appui3.obj
 0001:00020834       ?WriteProfileBinary@CWinApp@@QAAHPB_W0PAEI@Z 00031834 f   uafxcwd:appui3.obj
 0001:00020ad0       ??A?$CSimpleStringT@_W$0A@@ATL@@QBA_WH@Z 00031ad0 f i uafxcwd:appui3.obj
 0001:00020ba4       ??0CRegKey@ATL@@QAA@PAUHKEY__@@@Z 00031ba4 f i uafxcwd:appui3.obj
 0001:00020bd8       ??1CRegKey@ATL@@QAA@XZ     00031bd8 f i uafxcwd:appui3.obj
 0001:00020bf4       ?Close@CRegKey@ATL@@QAAJXZ 00031bf4 f i uafxcwd:appui3.obj
 0001:00020c58       ?ReleaseBuffer@?$CSimpleStringT@_W$0A@@ATL@@QAAXH@Z 00031c58 f i uafxcwd:appui3.obj
 0001:00020ca4       ??BCWnd@@QBAPAUHWND__@@XZ  00031ca4 f   uafxcwd:afxinl3.obj
 0001:00020cf4       ??8CWnd@@QBAHABV0@@Z       00031cf4 f   uafxcwd:afxinl3.obj
 0001:00020d54       ??9CWnd@@QBAHABV0@@Z       00031d54 f   uafxcwd:afxinl3.obj
 0001:00020db4       ?GetSafeHwnd@CWnd@@QBAPAUHWND__@@XZ 00031db4 f   uafxcwd:afxinl3.obj
 0001:00020e04       ?GetOwner@CWnd@@QBAPAV1@XZ 00031e04 f   uafxcwd:afxinl3.obj
 0001:00020e74       ?SetOwner@CWnd@@QAAXPAV1@@Z 00031e74 f   uafxcwd:afxinl3.obj
 0001:00020ec8       ?SendMessageW@CWnd@@QAAJIIJ@Z 00031ec8 f   uafxcwd:afxinl3.obj
 0001:00020f54       ?SendMessage@CWnd@@QAAJIIJ@Z 00031f54 f   uafxcwd:afxinl3.obj
 0001:00020f94       ?PostMessageW@CWnd@@QAAHIIJ@Z 00031f94 f   uafxcwd:afxinl3.obj
 0001:00021020       ?SetFont@CWnd@@QAAXPAVCFont@@H@Z 00032020 f   uafxcwd:afxinl3.obj
 0001:000210a8       ?GetFont@CWnd@@QBAPAVCFont@@XZ 000320a8 f   uafxcwd:afxinl3.obj
 0001:00021140       ?GetMenu@CWnd@@QBAPAVCMenu@@XZ 00032140 f   uafxcwd:afxinl3.obj
 0001:000211cc       ?SetMenu@CWnd@@QAAHPAVCMenu@@@Z 000321cc f   uafxcwd:afxinl3.obj
 0001:0002125c       ?DrawMenuBar@CWnd@@QAAXXZ  0003225c f   uafxcwd:afxinl3.obj
 0001:000212cc       ?GetSystemMenu@CWnd@@QBAPAVCMenu@@H@Z 000322cc f   uafxcwd:afxinl3.obj
 0001:0002135c       ?EnsureParentFrame@CWnd@@QBAPAVCFrameWnd@@XZ 0003235c f   uafxcwd:afxinl3.obj
 0001:000213bc       ?EnsureTopLevelParent@CWnd@@QBAPAV1@XZ 000323bc f   uafxcwd:afxinl3.obj
 0001:0002141c       ?IsIconic@CWnd@@QBAHXZ     0003241c f   uafxcwd:afxinl3.obj
 0001:0002149c       ?MoveWindow@CWnd@@QAAXPBUtagRECT@@H@Z 0003249c f   uafxcwd:afxinl3.obj
 0001:00021514       ?SetWindowRgn@CWnd@@QAAHPAUHRGN__@@H@Z 00032514 f   uafxcwd:afxinl3.obj
 0001:0002159c       ?GetWindowRgn@CWnd@@QBAHPAUHRGN__@@@Z 0003259c f   uafxcwd:afxinl3.obj
 0001:0002162c       ?BringWindowToTop@CWnd@@QAAXXZ 0003262c f   uafxcwd:afxinl3.obj
 0001:0002169c       ?GetWindowRect@CWnd@@QBAXPAUtagRECT@@@Z 0003269c f   uafxcwd:afxinl3.obj
 0001:00021710       ?GetClientRect@CWnd@@QBAXPAUtagRECT@@@Z 00032710 f   uafxcwd:afxinl3.obj
 0001:00021784       ?MapWindowPoints@CWnd@@QBAXPAV1@PAUtagPOINT@@I@Z 00032784 f   uafxcwd:afxinl3.obj
 0001:0002180c       ?MapWindowPoints@CWnd@@QBAXPAV1@PAUtagRECT@@@Z 0003280c f   uafxcwd:afxinl3.obj
 0001:00021894       ?ClientToScreen@CWnd@@QBAXPAUtagPOINT@@@Z 00032894 f   uafxcwd:afxinl3.obj
 0001:00021908       ?ScreenToClient@CWnd@@QBAXPAUtagPOINT@@@Z 00032908 f   uafxcwd:afxinl3.obj
 0001:0002197c       ?BeginPaint@CWnd@@QAAPAVCDC@@PAU_PAINTSTRUCT@@@Z 0003297c f   uafxcwd:afxinl3.obj
 0001:00021a0c       ?EndPaint@CWnd@@QAAXPAU_PAINTSTRUCT@@@Z 00032a0c f   uafxcwd:afxinl3.obj
 0001:00021a80       ?GetDC@CWnd@@QAAPAVCDC@@XZ 00032a80 f   uafxcwd:afxinl3.obj
 0001:00021b0c       ?GetWindowDC@CWnd@@QAAPAVCDC@@XZ 00032b0c f   uafxcwd:afxinl3.obj
 0001:00021b98       ?ReleaseDC@CWnd@@QAAHPAVCDC@@@Z 00032b98 f   uafxcwd:afxinl3.obj
 0001:00021c24       ?UpdateWindow@CWnd@@QAAXXZ 00032c24 f   uafxcwd:afxinl3.obj
 0001:00021c94       ?SetRedraw@CWnd@@QAAXH@Z   00032c94 f   uafxcwd:afxinl3.obj
 0001:00021d10       ?GetUpdateRect@CWnd@@QAAHPAUtagRECT@@H@Z 00032d10 f   uafxcwd:afxinl3.obj
 0001:00021d98       ?GetUpdateRgn@CWnd@@QAAHPAVCRgn@@H@Z 00032d98 f   uafxcwd:afxinl3.obj
 0001:00021e2c       ?Invalidate@CWnd@@QAAXH@Z  00032e2c f   uafxcwd:afxinl3.obj
 0001:00021ea4       ?InvalidateRect@CWnd@@QAAXPBUtagRECT@@H@Z 00032ea4 f   uafxcwd:afxinl3.obj
 0001:00021f1c       ?InvalidateRgn@CWnd@@QAAXPAVCRgn@@H@Z 00032f1c f   uafxcwd:afxinl3.obj
 0001:00021fa0       ?ValidateRect@CWnd@@QAAXPBUtagRECT@@@Z 00032fa0 f   uafxcwd:afxinl3.obj
 0001:00022014       ?ValidateRgn@CWnd@@QAAXPAVCRgn@@@Z 00033014 f   uafxcwd:afxinl3.obj
 0001:00022094       ?IsWindowVisible@CWnd@@QBAHXZ 00033094 f   uafxcwd:afxinl3.obj
 0001:00022114       ?SendMessageToDescendants@CWnd@@QAAXIIJHH@Z 00033114 f   uafxcwd:afxinl3.obj
 0001:000221a0       ?GetDescendantWindow@CWnd@@QBAPAV1@HH@Z 000331a0 f   uafxcwd:afxinl3.obj
 0001:00022228       ?GetDCEx@CWnd@@QAAPAVCDC@@PAVCRgn@@K@Z 00033228 f   uafxcwd:afxinl3.obj
 0001:000222c8       ?RedrawWindow@CWnd@@QAAHPBUtagRECT@@PAVCRgn@@I@Z 000332c8 f   uafxcwd:afxinl3.obj
 0001:00022358       ?SetTimer@CWnd@@QAAIIIP6AXPAUHWND__@@IIK@Z@Z 00033358 f   uafxcwd:afxinl3.obj
 0001:000223e4       ?KillTimer@CWnd@@QAAHI@Z   000333e4 f   uafxcwd:afxinl3.obj
 0001:00022468       ?GetActiveWindow@CWnd@@SAPAV1@XZ 00033468 f   uafxcwd:afxinl3.obj
 0001:0002249c       ?SetActiveWindow@CWnd@@QAAPAV1@XZ 0003349c f   uafxcwd:afxinl3.obj
 0001:00022528       ?GetCapture@CWnd@@SAPAV1@XZ 00033528 f   uafxcwd:afxinl3.obj
 0001:0002255c       ?SetCapture@CWnd@@QAAPAV1@XZ 0003355c f   uafxcwd:afxinl3.obj
 0001:000225e8       ?GetFocus@CWnd@@SAPAV1@XZ  000335e8 f   uafxcwd:afxinl3.obj
 0001:0002261c       ?GetDesktopWindow@CWnd@@SAPAV1@XZ 0003361c f   uafxcwd:afxinl3.obj
 0001:00022650       ?GetNextDlgGroupItem@CWnd@@QBAPAV1@PAV1@H@Z 00033650 f   uafxcwd:afxinl3.obj
 0001:000226f4       ?GetNextDlgTabItem@CWnd@@QBAPAV1@PAV1@H@Z 000336f4 f   uafxcwd:afxinl3.obj
 0001:00022798       ?ShowScrollBar@CWnd@@QAAXIH@Z 00033798 f   uafxcwd:afxinl3.obj
 0001:000228a8       ?ChildWindowFromPoint@CWnd@@QBAPAV1@UtagPOINT@@@Z 000338a8 f   uafxcwd:afxinl3.obj
 0001:00022940       ?FindWindowW@CWnd@@SAPAV1@PB_W0@Z 00033940 f   uafxcwd:afxinl3.obj
 0001:00022984       ?GetNextWindow@CWnd@@QBAPAV1@I@Z 00033984 f   uafxcwd:afxinl3.obj
 0001:00022a18       ?GetTopWindow@CWnd@@QBAPAV1@XZ 00033a18 f   uafxcwd:afxinl3.obj
 0001:00022aa8       ?GetWindow@CWnd@@QBAPAV1@I@Z 00033aa8 f   uafxcwd:afxinl3.obj
 0001:00022b3c       ?GetLastActivePopup@CWnd@@QBAPAV1@XZ 00033b3c f   uafxcwd:afxinl3.obj
 0001:00022bcc       ?IsChild@CWnd@@QBAHPBV1@@Z 00033bcc f   uafxcwd:afxinl3.obj
 0001:00022c60       ?GetParent@CWnd@@QBAPAV1@XZ 00033c60 f   uafxcwd:afxinl3.obj
 0001:00022cf0       ?SetParent@CWnd@@QAAPAV1@PAV1@@Z 00033cf0 f   uafxcwd:afxinl3.obj
 0001:00022d90       ?WindowFromPoint@CWnd@@SAPAV1@UtagPOINT@@@Z 00033d90 f   uafxcwd:afxinl3.obj
 0001:00022dd4       ?MessageBox@CWnd@@QAAHPB_W0I@Z 00033dd4 f   uafxcwd:afxinl3.obj
 0001:00022e14       ?OpenClipboard@CWnd@@QAAHXZ 00033e14 f   uafxcwd:afxinl3.obj
 0001:00022e98       ?GetOpenClipboardWindow@CWnd@@SAPAV1@XZ 00033e98 f   uafxcwd:afxinl3.obj
 0001:00022ecc       ?GetClipboardOwner@CWnd@@SAPAV1@XZ 00033ecc f   uafxcwd:afxinl3.obj
 0001:00022f00       ?CreateCaret@CWnd@@QAAXPAVCBitmap@@@Z 00033f00 f   uafxcwd:afxinl3.obj
 0001:00022f8c       ?CreateSolidCaret@CWnd@@QAAXHH@Z 00033f8c f   uafxcwd:afxinl3.obj
 0001:0002300c       ?CreateGrayCaret@CWnd@@QAAXHH@Z 0003400c f   uafxcwd:afxinl3.obj
 0001:0002308c       ?GetCaretPos@CWnd@@SA?AVCPoint@@XZ 0003408c f   uafxcwd:afxinl3.obj
 0001:000230d4       ?SetCaretPos@CWnd@@SAXUtagPOINT@@@Z 000340d4 f   uafxcwd:afxinl3.obj
 0001:000230f4       ?HideCaret@CWnd@@QAAXXZ    000340f4 f   uafxcwd:afxinl3.obj
 0001:00023168       ?ShowCaret@CWnd@@QAAXXZ    00034168 f   uafxcwd:afxinl3.obj
 0001:000231dc       ?SetForegroundWindow@CWnd@@QAAHXZ 000341dc f   uafxcwd:afxinl3.obj
 0001:00023260       ?GetForegroundWindow@CWnd@@SAPAV1@XZ 00034260 f   uafxcwd:afxinl3.obj
 0001:00023294       ?SendNotifyMessageW@CWnd@@QAAHIIJ@Z 00034294 f   uafxcwd:afxinl3.obj
 0001:00023324       ?SetIcon@CWnd@@QAAPAUHICON__@@PAU2@H@Z 00034324 f   uafxcwd:afxinl3.obj
 0001:000233b4       ?GetIcon@CWnd@@QBAPAUHICON__@@H@Z 000343b4 f   uafxcwd:afxinl3.obj
 0001:00023440       ?OnActivate@CWnd@@IAAXIPAV1@H@Z 00034440 f   uafxcwd:afxinl3.obj
 0001:0002345c       ?OnCancelMode@CWnd@@IAAXXZ 0003445c f   uafxcwd:afxinl3.obj
 0001:00023478       ?OnClose@CWnd@@IAAXXZ      00034478 f   uafxcwd:afxinl3.obj
 0001:00023494       ?OnContextMenu@CWnd@@IAAXPAV1@VCPoint@@@Z 00034494 f   uafxcwd:afxinl3.obj
 0001:000234b0       ?OnCopyData@CWnd@@IAAHPAV1@PAUtagCOPYDATASTRUCT@@@Z 000344b0 f   uafxcwd:afxinl3.obj
 0001:000234e4       ?OnCreate@CWnd@@QAAHPAUtagCREATESTRUCTW@@@Z 000344e4 f   uafxcwd:afxinl3.obj
 0001:00023518       ?OnEnable@CWnd@@IAAXH@Z    00034518 f   uafxcwd:afxinl3.obj
 0001:00023534       ?OnEraseBkgnd@CWnd@@IAAHPAVCDC@@@Z 00034534 f   uafxcwd:afxinl3.obj
 0001:00023568       ?OnKillFocus@CWnd@@IAAXPAV1@@Z 00034568 f   uafxcwd:afxinl3.obj
 0001:00023584       ?OnMenuChar@CWnd@@IAAJIIPAVCMenu@@@Z 00034584 f   uafxcwd:afxinl3.obj
 0001:000235b8       ?OnMove@CWnd@@IAAXHH@Z     000345b8 f   uafxcwd:afxinl3.obj
 0001:000235d4       ?OnQueryDragIcon@CWnd@@IAAPAUHICON__@@XZ 000345d4 f   uafxcwd:afxinl3.obj
 0001:00023608       ?OnQueryNewPalette@CWnd@@IAAHXZ 00034608 f   uafxcwd:afxinl3.obj
 0001:0002363c       ?OnSetCursor@CWnd@@IAAHPAV1@II@Z 0003463c f   uafxcwd:afxinl3.obj
 0001:00023670       ?OnShowWindow@CWnd@@IAAXHI@Z 00034670 f   uafxcwd:afxinl3.obj
 0001:0002368c       ?OnSize@CWnd@@IAAXIHH@Z    0003468c f   uafxcwd:afxinl3.obj
 0001:000236a8       ?OnWindowPosChanged@CWnd@@IAAXPAUtagWINDOWPOS@@@Z 000346a8 f   uafxcwd:afxinl3.obj
 0001:000236c4       ?OnSysChar@CWnd@@IAAXIII@Z 000346c4 f   uafxcwd:afxinl3.obj
 0001:000236e0       ?OnSysCommand@CWnd@@IAAXIJ@Z 000346e0 f   uafxcwd:afxinl3.obj
 0001:000236fc       ?OnSysDeadChar@CWnd@@IAAXIII@Z 000346fc f   uafxcwd:afxinl3.obj
 0001:00023718       ?OnSysKeyDown@CWnd@@IAAXIII@Z 00034718 f   uafxcwd:afxinl3.obj
 0001:00023734       ?OnSysKeyUp@CWnd@@IAAXIII@Z 00034734 f   uafxcwd:afxinl3.obj
 0001:00023750       ?OnFontChange@CWnd@@IAAXXZ 00034750 f   uafxcwd:afxinl3.obj
 0001:0002376c       ?OnPaletteChanged@CWnd@@IAAXPAV1@@Z 0003476c f   uafxcwd:afxinl3.obj
 0001:00023788       ?OnChar@CWnd@@IAAXIII@Z    00034788 f   uafxcwd:afxinl3.obj
 0001:000237a4       ?OnDeadChar@CWnd@@IAAXIII@Z 000347a4 f   uafxcwd:afxinl3.obj
 0001:000237c0       ?OnKeyDown@CWnd@@IAAXIII@Z 000347c0 f   uafxcwd:afxinl3.obj
 0001:000237dc       ?OnKeyUp@CWnd@@IAAXIII@Z   000347dc f   uafxcwd:afxinl3.obj
 0001:000237f8       ?OnLButtonDblClk@CWnd@@IAAXIVCPoint@@@Z 000347f8 f   uafxcwd:afxinl3.obj
 0001:00023814       ?OnLButtonUp@CWnd@@IAAXIVCPoint@@@Z 00034814 f   uafxcwd:afxinl3.obj
 0001:00023830       ?OnMButtonDblClk@CWnd@@IAAXIVCPoint@@@Z 00034830 f   uafxcwd:afxinl3.obj
 0001:0002384c       ?OnMButtonDown@CWnd@@IAAXIVCPoint@@@Z 0003484c f   uafxcwd:afxinl3.obj
 0001:00023868       ?OnMButtonUp@CWnd@@IAAXIVCPoint@@@Z 00034868 f   uafxcwd:afxinl3.obj
 0001:00023884       ?OnMouseMove@CWnd@@IAAXIVCPoint@@@Z 00034884 f   uafxcwd:afxinl3.obj
 0001:000238a0       ?OnMouseWheel@CWnd@@IAAHIFVCPoint@@@Z 000348a0 f   uafxcwd:afxinl3.obj
 0001:000238d4       ?OnRegisteredMouseWheel@CWnd@@IAAJIJ@Z 000348d4 f   uafxcwd:afxinl3.obj
 0001:00023908       ?OnRButtonDblClk@CWnd@@IAAXIVCPoint@@@Z 00034908 f   uafxcwd:afxinl3.obj
 0001:00023924       ?OnRButtonDown@CWnd@@IAAXIVCPoint@@@Z 00034924 f   uafxcwd:afxinl3.obj
 0001:00023940       ?OnRButtonUp@CWnd@@IAAXIVCPoint@@@Z 00034940 f   uafxcwd:afxinl3.obj
 0001:0002395c       ?OnTimer@CWnd@@IAAXI@Z     0003495c f   uafxcwd:afxinl3.obj
 0001:00023978       ?OnInitMenuPopup@CWnd@@IAAXPAVCMenu@@IH@Z 00034978 f   uafxcwd:afxinl3.obj
 0001:00023994       ?OnDestroyClipboard@CWnd@@IAAXXZ 00034994 f   uafxcwd:afxinl3.obj
 0001:000239b0       ?OnRenderAllFormats@CWnd@@IAAXXZ 000349b0 f   uafxcwd:afxinl3.obj
 0001:000239cc       ?OnRenderFormat@CWnd@@IAAXI@Z 000349cc f   uafxcwd:afxinl3.obj
 0001:000239e8       ?OnSizeClipboard@CWnd@@IAAXPAV1@PAX@Z 000349e8 f   uafxcwd:afxinl3.obj
 0001:00023a04       ?OnGetDlgCode@CWnd@@IAAIXZ 00034a04 f   uafxcwd:afxinl3.obj
 0001:00023a38       ?OnEnterMenuLoop@CWnd@@IAAXH@Z 00034a38 f   uafxcwd:afxinl3.obj
 0001:00023a54       ?OnExitMenuLoop@CWnd@@IAAXH@Z 00034a54 f   uafxcwd:afxinl3.obj
 0001:00023a70       ?OnStyleChanged@CWnd@@IAAXHPAUtagSTYLESTRUCT@@@Z 00034a70 f   uafxcwd:afxinl3.obj
 0001:00023a8c       ?OnCaptureChanged@CWnd@@IAAXPAV1@@Z 00034a8c f   uafxcwd:afxinl3.obj
 0001:00023aa8       ?OnDeviceChange@CWnd@@IAAHIK@Z 00034aa8 f   uafxcwd:afxinl3.obj
 0001:00023adc       ?OnWinIniChange@CWnd@@IAAXPB_W@Z 00034adc f   uafxcwd:afxinl3.obj
 0001:00023af8       ?OnChangeUIState@CWnd@@IAAXII@Z 00034af8 f   uafxcwd:afxinl3.obj
 0001:00023b14       ?OnUpdateUIState@CWnd@@IAAXII@Z 00034b14 f   uafxcwd:afxinl3.obj
 0001:00023b30       ?OnQueryUIState@CWnd@@IAAIXZ 00034b30 f   uafxcwd:afxinl3.obj
 0001:00023b64       ?DoDataExchange@CWnd@@MAAXPAVCDataExchange@@@Z 00034b64 f   uafxcwd:afxinl3.obj
 0001:00023b78       ?BeginModalState@CWnd@@UAAXXZ 00034b78 f   uafxcwd:afxinl3.obj
[...]
 0001:000d3778       ??__E_simpleNotSupportedException@@YAXXZ 000e4778 f   uafxcwd:except.obj
 0001:000d37a8       ??__E_simpleInvalidArgException@@YAXXZ 000e47a8 f   uafxcwd:except.obj
 0001:000d37d8       ??__EafxStringManager@@YAXXZ 000e47d8 f   uafxcwd:strcore.obj
 0001:000d37f0       ??__E_AtlWinModule@ATL@@YAXXZ 000e47f0 f   uafxcwd:strcore.obj
 0001:000d3814       ??__E_AtlWinModule@ATL@@YAXXZ 000e4814 f   uafxcwd:dlgfile.obj
 0001:000d3838       ??__E_AtlWinModule@ATL@@YAXXZ 000e4838 f   uafxcwd:winstr.obj
 0001:000d385c       ??__E_afxThreadState@@YAXXZ 000e485c f   uafxcwd:afxstate.obj
 0001:000d3874       ??__E_afxBaseModuleState@@YAXXZ 000e4874 f   uafxcwd:afxstate.obj
 0001:000d388c       ??__E_AtlWinModule@ATL@@YAXXZ 000e488c f   uafxcwd:afxstate.obj
 0001:000d38b0       ??__E_AtlWinModule@ATL@@YAXXZ 000e48b0 f   uafxcwd:objcore.obj
 0001:000d38d4       ??__E_AtlWinModule@ATL@@YAXXZ 000e48d4 f   uafxcwd:olelock.obj
 0001:000d38f8       ??__EtraceMultiApp@@YAXXZ  000e48f8 f   uafxcwd:appinit.obj
 0001:000d391c       ??__EtraceAppMsg@@YAXXZ    000e491c f   uafxcwd:appinit.obj
 0001:000d3940       ??__EtraceWinMsg@@YAXXZ    000e4940 f   uafxcwd:appinit.obj
 0001:000d3964       ??__EtraceCmdRouting@@YAXXZ 000e4964 f   uafxcwd:appinit.obj
 0001:000d3988       ??__EtraceOle@@YAXXZ       000e4988 f   uafxcwd:appinit.obj
 0001:000d39ac       ??__EtraceDatabase@@YAXXZ  000e49ac f   uafxcwd:appinit.obj
 0001:000d39d0       ??__EtraceInternet@@YAXXZ  000e49d0 f   uafxcwd:appinit.obj
 0001:000d39f4       ??__EtraceDumpContext@@YAXXZ 000e49f4 f   uafxcwd:appinit.obj
 0001:000d3a18       ??__EtraceMemory@@YAXXZ    000e4a18 f   uafxcwd:appinit.obj
 0001:000d3a3c       ??__EtraceGdi@@YAXXZ       000e4a3c f   uafxcwd:appinit.obj
 0001:000d3a60       ??__EtraceUser@@YAXXZ      000e4a60 f   uafxcwd:appinit.obj
 0001:000d3a84       ??__EtraceKernel@@YAXXZ    000e4a84 f   uafxcwd:appinit.obj
 0001:000d3aa8       ??__EtraceHtml@@YAXXZ      000e4aa8 f   uafxcwd:appinit.obj
 0001:000d3acc       ??__EtraceSocket@@YAXXZ    000e4acc f   uafxcwd:appinit.obj
 0001:000d3af0       ??__E_AtlWinModule@ATL@@YAXXZ 000e4af0 f   uafxcwd:appinit.obj
 0001:000d3b14       ??__E_AtlWinModule@ATL@@YAXXZ 000e4b14 f   uafxcwd:wingdi.obj
 0001:000d3b38       ??__E_simpleResourceException@@YAXXZ 000e4b38 f   uafxcwd:wingdi.obj
 0001:000d3b68       ??__E_simpleUserException@@YAXXZ 000e4b68 f   uafxcwd:wingdi.obj
 0001:000d3b98       ??__E_AtlWinModule@ATL@@YAXXZ 000e4b98 f   uafxcwd:doctempl.obj
 0001:000d3bbc       ??__E_AtlWinModule@ATL@@YAXXZ 000e4bbc f   uafxcwd:afxtls.obj
 0001:000d3be0       ??__E_AtlWinModule@ATL@@YAXXZ 000e4be0 f   uafxcwd:arcex.obj
 0001:000d3c04       ??__E_AtlWinModule@ATL@@YAXXZ 000e4c04 f   uafxcwd:filex.obj
 0001:000d3c28       ??__E_AtlWinModule@ATL@@YAXXZ 000e4c28 f   uafxcwd:validadd.obj
 0001:000d3c4c       ??__E_AtlWinModule@ATL@@YAXXZ 000e4c4c f   uafxcwd:arccore.obj
 0001:000d3c70       ??__E_AtlWinModule@ATL@@YAXXZ 000e4c70 f   uafxcwd:arcobj.obj
 0001:000d3c94       ??__E_AtlWinModule@ATL@@YAXXZ 000e4c94 f   uafxcwd:dlgcomm.obj
 0001:000d3cb8       ??__E_AtlWinModule@ATL@@YAXXZ 000e4cb8 f   uafxcwd:barcore.obj
 0001:000d3cdc       ??__E_AtlWinModule@ATL@@YAXXZ 000e4cdc f   uafxcwd:bartool.obj
 0001:000d3d00       ??__E_AtlWinModule@ATL@@YAXXZ 000e4d00 f   uafxcwd:trckrect.obj
 0001:000d3d24       ??__E_AtlWinModule@ATL@@YAXXZ 000e4d24 f   uafxcwd:winbtn.obj
 0001:000d3d48       ??__E_AtlWinModule@ATL@@YAXXZ 000e4d48 f   uafxcwd:afxcrit.obj
 0001:000d3d6c       ??__E_AtlWinModule@ATL@@YAXXZ 000e4d6c f   uafxcwd:winutil.obj
 0001:000d3d90       ??__E_AtlWinModule@ATL@@YAXXZ 000e4d90 f   uafxcwd:afxtrace.obj
 0001:000d3db4       ??__E_AtlWinModule@ATL@@YAXXZ 000e4db4 f   uafxcwd:winhand.obj
 0001:000d3dd8       ??__E_AtlWinModule@ATL@@YAXXZ 000e4dd8 f   uafxcwd:appdlg.obj
 0001:000d3dfc       ??__E_AtlWinModule@ATL@@YAXXZ 000e4dfc f   uafxcwd:docmgr.obj
 0001:000d3e20       ??__E_AtlWinModule@ATL@@YAXXZ 000e4e20 f   uafxcwd:auxdata.obj
 0001:000d3e44       ??__EafxData@@YAXXZ        000e4e44 f   uafxcwd:auxdata.obj
 0001:000d3e68       ??__E_AtlWinModule@ATL@@YAXXZ 000e4e68 f   uafxcwd:dlgtempl.obj
 0001:000d3e8c       ??__E_AtlWinModule@ATL@@YAXXZ 000e4e8c f   uafxcwd:ccdata.obj
 0001:000d3eb0       ??__E_afxPropPageFontInfo@@YAXXZ 000e4eb0 f   uafxcwd:ccdata.obj
 0001:000d3ec8       ??__E_AtlWinModule@ATL@@YAXXZ 000e4ec8 f   uafxcwd:winctrl2.obj
 0001:000d3eec       ??__E_AtlWinModule@ATL@@YAXXZ 000e4eec f   uafxcwd:winmenu.obj
 0001:000d3f10       ??__E_AtlWinModule@ATL@@YAXXZ 000e4f10 f   uafxcwd:plex.obj
 0001:000d3f34       ??__E_AtlWinModule@ATL@@YAXXZ 000e4f34 f   uafxcwd:winfrm.obj
 0001:000d3f58       ??__E?rectDefault@CFrameWnd@@2VCRect@@B@@YAXXZ 000e4f58 f   uafxcwd:winfrm.obj
 0001:000d3fdc       ??__E_AtlWinModule@ATL@@YAXXZ 000e4fdc f   uafxcwd:doclist.obj
 0001:000d4000       ??__E_AtlWinModule@ATL@@YAXXZ 000e5000 f   uafxcwd:barcmd.obj
 0001:000d4024       ??__E_AtlWinModule@ATL@@YAXXZ 000e5024 f   uafxcwd:viewform.obj
 0001:000d4048       ??__E_AtlWinModule@ATL@@YAXXZ 000e5048 f   uafxcwd:apphelp.obj
 0001:000d406c       ??__E_AtlWinModule@ATL@@YAXXZ 000e506c f   uafxcwd:oleunk.obj
 0001:000d4090       ??__E_AtlWinModule@ATL@@YAXXZ 000e5090 f   uafxcwd:olevar.obj
 0001:000d40b4       ??__E_AtlWinModule@ATL@@YAXXZ 000e50b4 f   uafxcwd:appterm.obj
 0001:000d40d8       ??__E_AtlWinModule@ATL@@YAXXZ 000e50d8 f   uafxcwd:wingdix.obj
 0001:000d40fc       ??__E_AtlWinModule@ATL@@YAXXZ 000e50fc f   uafxcwd:doccore.obj
 0001:000d4120       ??__E_AtlWinModule@ATL@@YAXXZ 000e5120 f   uafxcwd:filecore.obj
 0001:000d4144       ??__E_afxClrState@@YAXXZ   000e5144 f   uafxcwd:dlgclr.obj
 0001:000d415c       ??__E_AtlWinModule@ATL@@YAXXZ 000e515c f   uafxcwd:dlgclr.obj
 0001:000d4180       ??__E_AtlWinModule@ATL@@YAXXZ 000e5180 f   uafxcwd:bardlg.obj
 0001:000d41a4       ??__E_AtlWinModule@ATL@@YAXXZ 000e51a4 f   uafxcwd:fixalloc.obj
 0001:000d41c8       ??__E_AtlWinModule@ATL@@YAXXZ 000e51c8 f   uafxcwd:viewscrl.obj
 0001:000d41ec       ??__E_AtlWinModule@ATL@@YAXXZ 000e51ec f   uafxcwd:viewcore.obj
 0001:000d4210       ??__E_AtlWinModule@ATL@@YAXXZ 000e5210 f   uafxcwd:oledisp2.obj
 0001:000d4234       ??__E_AtlWinModule@ATL@@YAXXZ 000e5234 f   uafxcwd:arcstrm.obj
 0001:000d4258       ??__E_afxEditState@@YAXXZ  000e5258 f   uafxcwd:viewedit.obj
 0001:000d4270       ??__E_AtlWinModule@ATL@@YAXXZ 000e5270 f   uafxcwd:viewedit.obj
 0001:000d4294       ??__E_afxMsgFindReplace@@YAXXZ 000e5294 f   uafxcwd:viewedit.obj
 0001:000d42c8       ??__E_AtlWinModule@ATL@@YAXXZ 000e52c8 f   uafxcwd:docdl.obj
 0001:000d42ec       ??__E_AtlWinModule@ATL@@YAXXZ 000e52ec f   uafxcwd:filest.obj
 0001:000d4310       ??__E_AtlWinModule@ATL@@YAXXZ 000e5310 f   uafxcwd:olecnvrt.obj
 0001:000d4334       ??__E_AtlWinModule@ATL@@YAXXZ 000e5334 f   uafxcwd:oledisp1.obj
 0001:000d4358       ??__E_AtlWinModule@ATL@@YAXXZ 000e5358 f   uafxcwd:dlgfr.obj
 0001:000d437c       ??__E_AtlWinModule@ATL@@YAXXZ 000e537c f   uafxcwd:docsingl.obj
 0001:000d43a0       ??__E_AtlWinModule@ATL@@YAXXZ 000e53a0 f   uafxcwd:olecall.obj
 0001:000d43c4       ??__E_AtlWinModule@ATL@@YAXXZ 000e53c4 f   uafxcwd:oletyplb.obj
 0001:000d43e8       ??__Eg_Allocator@@YAXXZ    000e53e8 f   atlsd:Externs.obj
 0001:000d4424       ??__Eg_bInitialized@@YAXXZ 000e5424 f   atlsd:Externs.obj
 0001:000d445c       ??__E?s_trace@CTrace@ATL@@2V12@A@@YAXXZ 000e545c f   atlsd:Externs.obj
 0001:000d44a0       ??__E_AtlWinModule@ATL@@YAXXZ 000e54a0 f   atlsd:Externs.obj
 0001:000d44dc       ??__EatlTraceGeneral@ATL@@YAXXZ 000e54dc f   atlsd:atltrace.obj
 0001:000d450c       ??__EatlTraceCOM@ATL@@YAXXZ 000e550c f   atlsd:atltrace.obj
 0001:000d453c       ??__EatlTraceQI@ATL@@YAXXZ 000e553c f   atlsd:atltrace.obj
 0001:000d456c       ??__EatlTraceRegistrar@ATL@@YAXXZ 000e556c f   atlsd:atltrace.obj
 0001:000d459c       ??__EatlTraceRefcount@ATL@@YAXXZ 000e559c f   atlsd:atltrace.obj
 0001:000d45cc       ??__EatlTraceWindowing@ATL@@YAXXZ 000e55cc f   atlsd:atltrace.obj
 0001:000d45fc       ??__EatlTraceControls@ATL@@YAXXZ 000e55fc f   atlsd:atltrace.obj
 0001:000d462c       ??__EatlTraceHosting@ATL@@YAXXZ 000e562c f   atlsd:atltrace.obj
 0001:000d465c       ??__EatlTraceNotImpl@ATL@@YAXXZ 000e565c f   atlsd:atltrace.obj
 0001:000d468c       ??__EatlTraceAllocation@ATL@@YAXXZ 000e568c f   atlsd:atltrace.obj
 0001:000d46bc       ??__EatlTraceException@ATL@@YAXXZ 000e56bc f   atlsd:atltrace.obj
 0001:000d46ec       ??__EatlTraceTime@ATL@@YAXXZ 000e56ec f   atlsd:atltrace.obj
 0001:000d471c       ??__EatlTraceCache@ATL@@YAXXZ 000e571c f   atlsd:atltrace.obj
 0001:000d474c       ??__EatlTraceStencil@ATL@@YAXXZ 000e574c f   atlsd:atltrace.obj
 0001:000d477c       ??__EatlTraceString@ATL@@YAXXZ 000e577c f   atlsd:atltrace.obj
 0001:000d47ac       ??__EatlTraceMap@ATL@@YAXXZ 000e57ac f   atlsd:atltrace.obj
 0001:000d47dc       ??__EatlTraceUtil@ATL@@YAXXZ 000e57dc f   atlsd:atltrace.obj
 0001:000d480c       ??__EatlTraceSync@ATL@@YAXXZ 000e580c f   atlsd:atltrace.obj
 0001:000d483c       ??__EatlTraceUser@ATL@@YAXXZ 000e583c f   atlsd:atltrace.obj
 0001:000d486c       ??__EatlTraceUser2@ATL@@YAXXZ 000e586c f   atlsd:atltrace.obj
 0001:000d489c       ??__EatlTraceUser3@ATL@@YAXXZ 000e589c f   atlsd:atltrace.obj
 0001:000d48cc       ??__EatlTraceUser4@ATL@@YAXXZ 000e58cc f   atlsd:atltrace.obj
 0001:000d48fc       ??__E_AtlWinModule@ATL@@YAXXZ 000e58fc f   atlsd:atltrace.obj
 0001:000d4938       ??__E_AtlWinModule@ATL@@YAXXZ 000e5938 f   atlsd:AtlDebugAPI.obj
 0001:000d4974       ??__E_AtlWinModule@ATL@@YAXXZ 000e5974 f   atlsd:atlfuncs.obj
 0001:000d49b0       ??__E_AtlBaseModule@ATL@@YAXXZ 000e59b0 f   atlsd:atlbase.obj
 0001:000d49ec       ??__E_AtlWinModule@ATL@@YAXXZ 000e59ec f   atlsd:atlbase.obj
 0001:000d4a28       ??__E_AtlWinModule@ATL@@YAXXZ 000e5a28 f   atlsd:atltypes.obj
 0001:000d4a64       ??__E_AtlWinModule@ATL@@YAXXZ 000e5a64 f   atlsd:ATLComTime.obj
 0001:000d4aa0       ??__E_AtlWinModule@ATL@@YAXXZ 000e5aa0 f   atlsd:atltime.obj
 0001:000d4adc       ??__E_AtlWinModule@ATL@@YAXXZ 000e5adc f   atlsd:Allocate.obj
 0001:000d4b18       ??__E_AtlWinModule@ATL@@YAXXZ 000e5b18 f   atlsd:AtlTraceModuleManager.obj
 0001:000d4b54       ??__E_afxInitAppState@@YAXXZ 000e5b54 f   uafxcwd:appmodul.obj
 0001:000d4b9c       ??__E_AtlWinModule@ATL@@YAXXZ 000e5b9c f   uafxcwd:appmodul.obj
 0001:000d4bc0       ??__E_AtlWinModule@ATL@@YAXXZ 000e5bc0 f   uafxcwd:winmain.obj
 0001:000d4be4       ??__FtheApp@@YAXXZ         000e5be4 f   EDisk.obj
 0001:000d4bf8       ??__F_AtlWinModule@ATL@@YAXXZ 000e5bf8 f   uafxcwd:afxasert.obj
 0001:000d4c10       ??__F_afxWinState@@YAXXZ   000e5c10 f   uafxcwd:appcore.obj
 0001:000d4c28       ??__F_AtlWinModule@ATL@@YAXXZ 000e5c28 f   uafxcwd:appcore.obj
 0001:000d4c40       ??__F_AtlWinModule@ATL@@YAXXZ 000e5c40 f   uafxcwd:afxinl1.obj
 0001:000d4c58       ??__F_AtlWinModule@ATL@@YAXXZ 000e5c58 f   uafxcwd:cmdtarg.obj
 0001:000d4c70       ??__F_AtlWinModule@ATL@@YAXXZ 000e5c70 f   uafxcwd:thrdcore.obj
 0001:000d4c88       ??__F_AtlWinModule@ATL@@YAXXZ 000e5c88 f   uafxcwd:appui2.obj
 0001:000d4ca0       ??__F_AtlWinModule@ATL@@YAXXZ 000e5ca0 f   uafxcwd:appui.obj
 0001:000d4cb8       ??__F_AtlWinModule@ATL@@YAXXZ 000e5cb8 f   uafxcwd:appui1.obj
 0001:000d4cd0       ??__F_AtlWinModule@ATL@@YAXXZ 000e5cd0 f   uafxcwd:afxmem.obj
 0001:000d4ce8       ??__F_AtlWinModule@ATL@@YAXXZ 000e5ce8 f   uafxcwd:dlgprop.obj
 0001:000d4d00       ??__F_AtlWinModule@ATL@@YAXXZ 000e5d00 f   uafxcwd:appui3.obj
 0001:000d4d18       ??__F_AtlWinModule@ATL@@YAXXZ 000e5d18 f   uafxcwd:afxinl3.obj
 0001:000d4d30       ??__F_AtlWinModule@ATL@@YAXXZ 000e5d30 f   uafxcwd:afxinl2.obj
 0001:000d4d48       ??__F?wndTop@CWnd@@2V1@B@@YAXXZ 000e5d48 f   uafxcwd:wincore.obj
 0001:000d4d60       ??__F?wndBottom@CWnd@@2V1@B@@YAXXZ 000e5d60 f   uafxcwd:wincore.obj
 0001:000d4d78       ??__F?wndTopMost@CWnd@@2V1@B@@YAXXZ 000e5d78 f   uafxcwd:wincore.obj
 0001:000d4d90       ??__F?wndNoTopMost@CWnd@@2V1@B@@YAXXZ 000e5d90 f   uafxcwd:wincore.obj
 0001:000d4da8       ??__F_AtlWinModule@ATL@@YAXXZ 000e5da8 f   uafxcwd:wincore.obj
 0001:000d4dc0       ??__F_AtlWinModule@ATL@@YAXXZ 000e5dc0 f   uafxcwd:winocc.obj
 0001:000d4dd8       ??__F_AtlWinModule@ATL@@YAXXZ 000e5dd8 f   uafxcwd:winctrl1.obj
 0001:000d4df0       ??__F_AtlWinModule@ATL@@YAXXZ 000e5df0 f   uafxcwd:dlgcore.obj
 0001:000d4e08       ??__F_AtlWinModule@ATL@@YAXXZ 000e5e08 f   uafxcwd:dlgdata.obj
 0001:000d4e20       ??__F_AtlWinModule@ATL@@YAXXZ 000e5e20 f   uafxcwd:olemisc.obj
 0001:000d4e38       ??__F_simpleMemoryException@@YAXXZ 000e5e38 f   uafxcwd:except.obj
 0001:000d4e50       ??__F_simpleNotSupportedException@@YAXXZ 000e5e50 f   uafxcwd:except.obj
 0001:000d4e68       ??__F_simpleInvalidArgException@@YAXXZ 000e5e68 f   uafxcwd:except.obj
 0001:000d4e80       ??__F_AtlWinModule@ATL@@YAXXZ 000e5e80 f   uafxcwd:except.obj
 0001:000d4e98       ??__F_AtlWinModule@ATL@@YAXXZ 000e5e98 f   uafxcwd:strcore.obj
 0001:000d4eb0       ??__F_AtlWinModule@ATL@@YAXXZ 000e5eb0 f   uafxcwd:dlgfile.obj
 0001:000d4ec8       ??__F_AtlWinModule@ATL@@YAXXZ 000e5ec8 f   uafxcwd:winstr.obj
 0001:000d4ee0       ??__F_afxThreadState@@YAXXZ 000e5ee0 f   uafxcwd:afxstate.obj
 0001:000d4ef8       ??__F_afxBaseModuleState@@YAXXZ 000e5ef8 f   uafxcwd:afxstate.obj
 0001:000d4f10       ??__F_afxAygshellState@?1??_AfxAygshellState@@YAAAU_AFX_AYGSHELL_STATE@@XZ@YAXXZ 000e5f10 f   uafxcwd:afxstate.obj
 0001:000d4f28       ??__F_AtlWinModule@ATL@@YAXXZ 000e5f28 f   uafxcwd:afxstate.obj
 0001:000d4f40       ??__F_AtlWinModule@ATL@@YAXXZ 000e5f40 f   uafxcwd:objcore.obj
 0001:000d4f58       ??__F_AtlWinModule@ATL@@YAXXZ 000e5f58 f   uafxcwd:olelock.obj
 0001:000d4f70       ??__F_AtlWinModule@ATL@@YAXXZ 000e5f70 f   uafxcwd:appinit.obj
 0001:000d4f88       ??__F_simpleResourceException@@YAXXZ 000e5f88 f   uafxcwd:wingdi.obj
 0001:000d4fa0       ??__F_simpleUserException@@YAXXZ 000e5fa0 f   uafxcwd:wingdi.obj
 0001:000d4fb8       ??__F_AtlWinModule@ATL@@YAXXZ 000e5fb8 f   uafxcwd:wingdi.obj
 0001:000d4fd0       ??__F_AtlWinModule@ATL@@YAXXZ 000e5fd0 f   uafxcwd:doctempl.obj
 0001:000d4fe8       ??__F_AtlWinModule@ATL@@YAXXZ 000e5fe8 f   uafxcwd:afxtls.obj
 0001:000d5000       ??__F_AtlWinModule@ATL@@YAXXZ 000e6000 f   uafxcwd:arcex.obj
 0001:000d5018       ??__F_AtlWinModule@ATL@@YAXXZ 000e6018 f   uafxcwd:filex.obj
 0001:000d5030       ??__F_AtlWinModule@ATL@@YAXXZ 000e6030 f   uafxcwd:validadd.obj
 0001:000d5048       ??__F_AtlWinModule@ATL@@YAXXZ 000e6048 f   uafxcwd:arccore.obj
 0001:000d5060       ??__F_AtlWinModule@ATL@@YAXXZ 000e6060 f   uafxcwd:arcobj.obj
 0001:000d5078       ??__F_AtlWinModule@ATL@@YAXXZ 000e6078 f   uafxcwd:dlgcomm.obj
 0001:000d5090       ??__F_AtlWinModule@ATL@@YAXXZ 000e6090 f   uafxcwd:barcore.obj
 0001:000d50a8       ??__F_AtlWinModule@ATL@@YAXXZ 000e60a8 f   uafxcwd:bartool.obj
 0001:000d50c0       ??__F_AtlWinModule@ATL@@YAXXZ 000e60c0 f   uafxcwd:trckrect.obj
 0001:000d50d8       ??__F_AtlWinModule@ATL@@YAXXZ 000e60d8 f   uafxcwd:winbtn.obj
 0001:000d50f0       ??__F_AtlWinModule@ATL@@YAXXZ 000e60f0 f   uafxcwd:afxcrit.obj
 0001:000d5108       ??__F_AtlWinModule@ATL@@YAXXZ 000e6108 f   uafxcwd:winutil.obj
 0001:000d5120       ??__F_AtlWinModule@ATL@@YAXXZ 000e6120 f   uafxcwd:afxtrace.obj
 0001:000d5138       ??__F_AtlWinModule@ATL@@YAXXZ 000e6138 f   uafxcwd:winhand.obj
 0001:000d5150       ??__F_AtlWinModule@ATL@@YAXXZ 000e6150 f   uafxcwd:appdlg.obj
 0001:000d5168       ??__F_AtlWinModule@ATL@@YAXXZ 000e6168 f   uafxcwd:docmgr.obj
 0001:000d5180       ??__FafxData@@YAXXZ        000e6180 f   uafxcwd:auxdata.obj
 0001:000d5198       ??__F_AtlWinModule@ATL@@YAXXZ 000e6198 f   uafxcwd:auxdata.obj
 0001:000d51b0       ??__F_AtlWinModule@ATL@@YAXXZ 000e61b0 f   uafxcwd:dlgtempl.obj
 0001:000d51c8       ??__F_afxPropPageFontInfo@@YAXXZ 000e61c8 f   uafxcwd:ccdata.obj
 0001:000d51e0       ??__F_AtlWinModule@ATL@@YAXXZ 000e61e0 f   uafxcwd:ccdata.obj
 0001:000d51f8       ??__F_AtlWinModule@ATL@@YAXXZ 000e61f8 f   uafxcwd:winctrl2.obj
 0001:000d5210       ??__F_AtlWinModule@ATL@@YAXXZ 000e6210 f   uafxcwd:winmenu.obj
 0001:000d5228       ??__F_AtlWinModule@ATL@@YAXXZ 000e6228 f   uafxcwd:plex.obj
 0001:000d5240       ??__F_AtlWinModule@ATL@@YAXXZ 000e6240 f   uafxcwd:winfrm.obj
 0001:000d5258       ??__F_AtlWinModule@ATL@@YAXXZ 000e6258 f   uafxcwd:doclist.obj
 0001:000d5270       ??__F_AtlWinModule@ATL@@YAXXZ 000e6270 f   uafxcwd:barcmd.obj
 0001:000d5288       ??__F_AtlWinModule@ATL@@YAXXZ 000e6288 f   uafxcwd:viewform.obj
 0001:000d52a0       ??__F_AtlWinModule@ATL@@YAXXZ 000e62a0 f   uafxcwd:apphelp.obj
 0001:000d52b8       ??__F_AtlWinModule@ATL@@YAXXZ 000e62b8 f   uafxcwd:oleunk.obj
 0001:000d52d0       ??__F_AtlWinModule@ATL@@YAXXZ 000e62d0 f   uafxcwd:olevar.obj
 0001:000d52e8       ??__F_AtlWinModule@ATL@@YAXXZ 000e62e8 f   uafxcwd:appterm.obj
 0001:000d5300       ??__F_AtlWinModule@ATL@@YAXXZ 000e6300 f   uafxcwd:wingdix.obj
 0001:000d5318       ??__F_AtlWinModule@ATL@@YAXXZ 000e6318 f   uafxcwd:doccore.obj
 0001:000d5330       ??__F_AtlWinModule@ATL@@YAXXZ 000e6330 f   uafxcwd:filecore.obj
 0001:000d5348       ??__F_afxClrState@@YAXXZ   000e6348 f   uafxcwd:dlgclr.obj
 0001:000d5360       ??__F_AtlWinModule@ATL@@YAXXZ 000e6360 f   uafxcwd:dlgclr.obj
 0001:000d5378       ??__F_AtlWinModule@ATL@@YAXXZ 000e6378 f   uafxcwd:bardlg.obj
 0001:000d5390       ??__F_AtlWinModule@ATL@@YAXXZ 000e6390 f   uafxcwd:fixalloc.obj
 0001:000d53a8       ??__F_AtlWinModule@ATL@@YAXXZ 000e63a8 f   uafxcwd:viewscrl.obj
 0001:000d53c0       ??__F_AtlWinModule@ATL@@YAXXZ 000e63c0 f   uafxcwd:viewcore.obj
 0001:000d53d8       ??__F_AtlWinModule@ATL@@YAXXZ 000e63d8 f   uafxcwd:oledisp2.obj
 0001:000d53f0       ??__F_AtlWinModule@ATL@@YAXXZ 000e63f0 f   uafxcwd:arcstrm.obj
 0001:000d5408       ??__F_afxEditState@@YAXXZ  000e6408 f   uafxcwd:viewedit.obj
 0001:000d5420       ??__F_AtlWinModule@ATL@@YAXXZ 000e6420 f   uafxcwd:viewedit.obj
 0001:000d5438       ??__F_AtlWinModule@ATL@@YAXXZ 000e6438 f   uafxcwd:docdl.obj
 0001:000d5450       ??__F_AtlWinModule@ATL@@YAXXZ 000e6450 f   uafxcwd:filest.obj
 0001:000d5468       ??__F_AtlWinModule@ATL@@YAXXZ 000e6468 f   uafxcwd:olecnvrt.obj
 0001:000d5480       ??__F_AtlWinModule@ATL@@YAXXZ 000e6480 f   uafxcwd:oledisp1.obj
 0001:000d5498       ??__F_AtlWinModule@ATL@@YAXXZ 000e6498 f   uafxcwd:dlgfr.obj
 0001:000d54b0       ??__F_AtlWinModule@ATL@@YAXXZ 000e64b0 f   uafxcwd:docsingl.obj
 0001:000d54c8       ??__F_AtlWinModule@ATL@@YAXXZ 000e64c8 f   uafxcwd:olecall.obj
 0001:000d54e0       ??__F_AtlWinModule@ATL@@YAXXZ 000e64e0 f   uafxcwd:oletyplb.obj
 0001:000d54f8       ??__Fg_Allocator@@YAXXZ    000e64f8 f   atlsd:Externs.obj
 0001:000d551c       ??__F?s_trace@CTrace@ATL@@2V12@A@@YAXXZ 000e651c f   atlsd:Externs.obj
 0001:000d5540       ??__F_AtlWinModule@ATL@@YAXXZ 000e6540 f   atlsd:Externs.obj
 0001:000d5564       ??__F_AtlWinModule@ATL@@YAXXZ 000e6564 f   atlsd:atltrace.obj
 0001:000d5588       ??__F_AtlWinModule@ATL@@YAXXZ 000e6588 f   atlsd:AtlDebugAPI.obj
 0001:000d55ac       ??__F_AtlWinModule@ATL@@YAXXZ 000e65ac f   atlsd:atlfuncs.obj
 0001:000d55d0       ??__F_AtlBaseModule@ATL@@YAXXZ 000e65d0 f   atlsd:atlbase.obj
 0001:000d55f4       ??__F_AtlWinModule@ATL@@YAXXZ 000e65f4 f   atlsd:atlbase.obj
 0001:000d5618       ??__F_AtlWinModule@ATL@@YAXXZ 000e6618 f   atlsd:atltypes.obj
 0001:000d563c       ??__F_AtlWinModule@ATL@@YAXXZ 000e663c f   atlsd:ATLComTime.obj
 0001:000d5660       ??__F_AtlWinModule@ATL@@YAXXZ 000e6660 f   atlsd:atltime.obj
 0001:000d5684       ??__F_AtlWinModule@ATL@@YAXXZ 000e6684 f   atlsd:Allocate.obj
 0001:000d56a8       ??__F_AtlWinModule@ATL@@YAXXZ 000e66a8 f   atlsd:AtlTraceModuleManager.obj
 0001:000d56cc       ??__F_AtlWinModule@ATL@@YAXXZ 000e66cc f   uafxcwd:appmodul.obj
 0001:000d56e4       ??__F_AtlWinModule@ATL@@YAXXZ 000e66e4 f   uafxcwd:winmain.obj
